<html>
<body>
<pre>
<h1>礦ision Build Log</h1>
<h2>Tool Versions:</h2>
IDE-Version: μVision V5.26.2.0
Copyright (C) 2018 ARM Ltd and ARM Germany GmbH. All rights reserved.
License Information: 1 1, 1, LIC=14HV2-9GGP8-Z9ZG9-4T89J-X8RHR-8GFXF
 
Tool Versions:
Toolchain:       MDK-ARM Plus  Version: 5.26.2.0
Toolchain Path:  C:\Keil_v5\ARM\ARMCC\Bin
C Compiler:      Armcc.exe V5.06 update 6 (build 750)
Assembler:       Armasm.exe V5.06 update 6 (build 750)
Linker/Locator:  ArmLink.exe V5.06 update 6 (build 750)
Library Manager: ArmAr.exe V5.06 update 6 (build 750)
Hex Converter:   FromElf.exe V5.06 update 6 (build 750)
CPU DLL:         SARMCM3.DLL V5.26.2.0
Dialog DLL:      DCM.DLL V1.17.2.0
Target DLL:      UL2CM3.DLL V1.161.6.0
Dialog DLL:      TCM.DLL V1.36.1.0
 
<h2>Project:</h2>
C:\Users\Golden\Desktop\GitHub_BalancedCar\SummerVocationTest\星野的平衡小车\2.软件STM32-MPU6050\Project\RVMDK（uv4）\BH-F10.uvprojx
Project File Date:  08/30/2021

<h2>Output:</h2>
*** Using Compiler 'V5.06 update 6 (build 750)', folder: 'C:\Keil_v5\ARM\ARMCC\Bin'
Build target 'MPU'
compiling main.c...
..\..\User\main.c(17): warning:  #550-D: variable "X1"  was set but never used
  	int X1=0,Y1=0,X2=0,Y2=0;    //用于存储PS2遥感数据
..\..\User\main.c(17): warning:  #550-D: variable "Y2"  was set but never used
  	int X1=0,Y1=0,X2=0,Y2=0;    //用于存储PS2遥感数据
..\..\User\main.c: 2 warnings, 0 errors
linking...
Program Size: Code=29436 RO-data=3732 RW-data=292 ZI-data=1068  
FromELF: creating hex file...
"..\..\Output\MPU.axf" - 0 Error(s), 2 Warning(s).

<h2>Software Packages used:</h2>

Package Vendor: Keil
                http://www.keil.com/pack/Keil.STM32F1xx_DFP.2.1.0.pack
                Keil.STM32F1xx_DFP.2.1.0
                STMicroelectronics STM32F1 Series Device Support, Drivers and Examples

<h2>Collection of Component include folders:</h2>
  .\RTE\_MPU
  C:\Keil_v5\ARM\PACK\Keil\STM32F1xx_DFP\2.1.0\Device\Include

<h2>Collection of Component Files used:</h2>
Build Time Elapsed:  00:00:02
</pre>
</body>
</html>
