Component: ARM Compiler 5.06 update 6 (build 750) Tool: armlink [4d35ed]

==============================================================================

Section Cross References

    startup_stm32f10x_md.o(RESET) refers to startup_stm32f10x_md.o(STACK) for __initial_sp
    startup_stm32f10x_md.o(RESET) refers to startup_stm32f10x_md.o(.text) for Reset_Handler
    startup_stm32f10x_md.o(RESET) refers to stm32f10x_it.o(.text) for NMI_Handler
    startup_stm32f10x_md.o(.text) refers to system_stm32f10x.o(.text) for SystemInit
    startup_stm32f10x_md.o(.text) refers to entry.o(.ARM.Collect$$$$00000000) for __main
    system_stm32f10x.o(.text) refers to system_stm32f10x.o(.data) for SystemCoreClock
    stm32f10x_adc.o(.text) refers to stm32f10x_rcc.o(.text) for RCC_APB2PeriphResetCmd
    stm32f10x_bkp.o(.text) refers to stm32f10x_rcc.o(.text) for RCC_BackupResetCmd
    stm32f10x_can.o(.text) refers to stm32f10x_rcc.o(.text) for RCC_APB1PeriphResetCmd
    stm32f10x_cec.o(.text) refers to stm32f10x_rcc.o(.text) for RCC_APB1PeriphResetCmd
    stm32f10x_dac.o(.text) refers to stm32f10x_rcc.o(.text) for RCC_APB1PeriphResetCmd
    stm32f10x_gpio.o(.text) refers to stm32f10x_rcc.o(.text) for RCC_APB2PeriphResetCmd
    stm32f10x_i2c.o(.text) refers to stm32f10x_rcc.o(.text) for RCC_APB1PeriphResetCmd
    stm32f10x_pwr.o(.text) refers to stm32f10x_rcc.o(.text) for RCC_APB1PeriphResetCmd
    stm32f10x_rcc.o(.text) refers to stm32f10x_rcc.o(.data) for APBAHBPrescTable
    stm32f10x_spi.o(.text) refers to stm32f10x_rcc.o(.text) for RCC_APB2PeriphResetCmd
    stm32f10x_tim.o(.text) refers to stm32f10x_rcc.o(.text) for RCC_APB2PeriphResetCmd
    stm32f10x_usart.o(.text) refers to stm32f10x_rcc.o(.text) for RCC_APB2PeriphResetCmd
    stm32f10x_wwdg.o(.text) refers to stm32f10x_rcc.o(.text) for RCC_APB1PeriphResetCmd
    main.o(.text) refers to system_stm32f10x.o(.text) for SystemInit
    main.o(.text) refers to ps2.o(.text) for PS2_Init
    main.o(.text) refers to motor.o(.text) for TIM2_PWM_Init
    main.o(.text) refers to usart.o(.text) for USART1_Config
    main.o(.text) refers to encode.o(.text) for encoder_Tim3_init
    main.o(.text) refers to i2c.o(.text) for i2cInit
    main.o(.text) refers to delay.o(.text) for delay_ms
    main.o(.text) refers to mpu6050.o(.text) for MPU6050_Init
    main.o(.text) refers to bsp_systick.o(.text) for SysTick_Init
    main.o(.text) refers to fadd.o(.text) for __aeabi_fsub
    main.o(.text) refers to cfcmple.o(.text) for __aeabi_cfcmple
    main.o(.text) refers to cfrcmple.o(.text) for __aeabi_cfrcmple
    main.o(.text) refers to balancedcar.o(.text) for CarStateOut
    main.o(.text) refers to dflti.o(.text) for __aeabi_i2d
    main.o(.text) refers to dmul.o(.text) for __aeabi_dmul
    main.o(.text) refers to d2f.o(.text) for __aeabi_d2f
    main.o(.text) refers to balancedcar.o(.data) for CarState
    stm32f10x_it.o(.text) refers to balancedcar.o(.text) for GetMotorPulse
    stm32f10x_it.o(.text) refers to balancedcar.o(.data) for SpeedControlCount
    bsp_led.o(.text) refers to stm32f10x_rcc.o(.text) for RCC_APB2PeriphClockCmd
    bsp_led.o(.text) refers to stm32f10x_gpio.o(.text) for GPIO_Init
    bsp_systick.o(.text) refers to system_stm32f10x.o(.data) for SystemCoreClock
    fonts.o(.data) refers to fonts.o(.constdata) for ASCII8x16_Table
    bsp_ili9341_lcd.o(.text) refers to stm32f10x_rcc.o(.text) for RCC_APB2PeriphClockCmd
    bsp_ili9341_lcd.o(.text) refers to stm32f10x_gpio.o(.text) for GPIO_Init
    bsp_ili9341_lcd.o(.text) refers to stm32f10x_fsmc.o(.text) for FSMC_NORSRAMInit
    bsp_ili9341_lcd.o(.text) refers to bsp_ili9341_lcd.o(.data) for LCD_SCAN_MODE
    bsp_ili9341_lcd.o(.data) refers to fonts.o(.data) for Font8x16
    i2c.o(.text) refers to stm32f10x_rcc.o(.text) for RCC_APB2PeriphClockCmd
    i2c.o(.text) refers to stm32f10x_gpio.o(.text) for GPIO_Init
    mpu6050.o(.text) refers to inv_mpu.o(.text) for mpu_init
    mpu6050.o(.text) refers to usart.o(.text) for PrintChar
    mpu6050.o(.text) refers to inv_mpu_dmp_motion_driver.o(.text) for dmp_load_motion_driver_firmware
    mpu6050.o(.text) refers to stm32f10x_gpio.o(.text) for GPIO_ResetBits
    mpu6050.o(.text) refers to fflti.o(.text) for __aeabi_i2f
    mpu6050.o(.text) refers to fdiv.o(.text) for __aeabi_fdiv
    mpu6050.o(.text) refers to fmul.o(.text) for __aeabi_fmul
    mpu6050.o(.text) refers to fadd.o(.text) for __aeabi_fadd
    mpu6050.o(.text) refers to f2d.o(.text) for __aeabi_f2d
    mpu6050.o(.text) refers to asin.o(i.asin) for asin
    mpu6050.o(.text) refers to dmul.o(.text) for __aeabi_dmul
    mpu6050.o(.text) refers to d2f.o(.text) for __aeabi_d2f
    mpu6050.o(.text) refers to mpu6050.o(.data) for gyro_orientation
    mpu6050.o(.text) refers to mpu6050.o(.bss) for quat
    mpu6050.o(.text) refers to atan2.o(i.atan2) for atan2
    usart.o(.text) refers to stm32f10x_rcc.o(.text) for RCC_APB2PeriphClockCmd
    usart.o(.text) refers to stm32f10x_gpio.o(.text) for GPIO_Init
[...]
    dmul.o(.text) refers to depilogue.o(.text) for _double_epilogue
    fflti.o(.text) refers (Special) to iusefp.o(.text) for __I$use$fp
    fflti.o(.text) refers to fepilogue.o(.text) for _float_epilogue
    ffltui.o(.text) refers (Special) to iusefp.o(.text) for __I$use$fp
    ffltui.o(.text) refers to fepilogue.o(.text) for _float_epilogue
    dflti.o(.text) refers (Special) to iusefp.o(.text) for __I$use$fp
    dflti.o(.text) refers to depilogue.o(.text) for _double_epilogue
    ffixi.o(.text) refers (Special) to iusefp.o(.text) for __I$use$fp
    ffixui.o(.text) refers (Special) to iusefp.o(.text) for __I$use$fp
    f2d.o(.text) refers (Special) to iusefp.o(.text) for __I$use$fp
    d2f.o(.text) refers (Special) to iusefp.o(.text) for __I$use$fp
    d2f.o(.text) refers to fepilogue.o(.text) for _float_round
    cfcmple.o(.text) refers (Special) to iusefp.o(.text) for __I$use$fp
    cfrcmple.o(.text) refers (Special) to iusefp.o(.text) for __I$use$fp
    atan.o(i.__softfp_atan) refers (Special) to iusefp.o(.text) for __I$use$fp
    atan.o(i.__softfp_atan) refers to atan.o(i.atan) for atan
    atan.o(i.atan) refers (Special) to iusefp.o(.text) for __I$use$fp
    atan.o(i.atan) refers to dunder.o(i.__mathlib_dbl_infnan) for __mathlib_dbl_infnan
    atan.o(i.atan) refers to fpclassify.o(i.__ARM_fpclassify) for __ARM_fpclassify
    atan.o(i.atan) refers to dunder.o(i.__mathlib_dbl_underflow) for __mathlib_dbl_underflow
    atan.o(i.atan) refers to dadd.o(.text) for __aeabi_dadd
    atan.o(i.atan) refers to dscalb.o(.text) for __ARM_scalbn
    atan.o(i.atan) refers to ddiv.o(.text) for __aeabi_ddiv
    atan.o(i.atan) refers to dmul.o(.text) for __aeabi_dmul
    atan.o(i.atan) refers to poly.o(i.__kernel_poly) for __kernel_poly
    atan.o(i.atan) refers to atan.o(.constdata) for .constdata
    atan.o(.constdata) refers (Special) to iusefp.o(.text) for __I$use$fp
    atan_x.o(i.____softfp_atan$lsc) refers (Special) to iusefp.o(.text) for __I$use$fp
    atan_x.o(i.____softfp_atan$lsc) refers to atan_x.o(i.__atan$lsc) for __atan$lsc
    atan_x.o(i.__atan$lsc) refers (Special) to iusefp.o(.text) for __I$use$fp
    atan_x.o(i.__atan$lsc) refers to dunder.o(i.__mathlib_dbl_infnan) for __mathlib_dbl_infnan
    atan_x.o(i.__atan$lsc) refers to dadd.o(.text) for __aeabi_dadd
    atan_x.o(i.__atan$lsc) refers to dscalb.o(.text) for __ARM_scalbn
    atan_x.o(i.__atan$lsc) refers to ddiv.o(.text) for __aeabi_ddiv
    atan_x.o(i.__atan$lsc) refers to dmul.o(.text) for __aeabi_dmul
    atan_x.o(i.__atan$lsc) refers to poly.o(i.__kernel_poly) for __kernel_poly
    atan_x.o(i.__atan$lsc) refers to atan_x.o(.constdata) for .constdata
    atan_x.o(.constdata) refers (Special) to iusefp.o(.text) for __I$use$fp
    dunder.o(i.__mathlib_dbl_divzero) refers to ddiv.o(.text) for __aeabi_ddiv
    dunder.o(i.__mathlib_dbl_infnan) refers to dscalb.o(.text) for __ARM_scalbn
    dunder.o(i.__mathlib_dbl_infnan2) refers to dadd.o(.text) for __aeabi_dadd
    dunder.o(i.__mathlib_dbl_invalid) refers to ddiv.o(.text) for __aeabi_ddiv
    dunder.o(i.__mathlib_dbl_overflow) refers to dscalb.o(.text) for __ARM_scalbn
    dunder.o(i.__mathlib_dbl_posinfnan) refers to dmul.o(.text) for __aeabi_dmul
    dunder.o(i.__mathlib_dbl_underflow) refers to dscalb.o(.text) for __ARM_scalbn
    fpclassify.o(i.__ARM_fpclassify) refers (Special) to iusefp.o(.text) for __I$use$fp
    poly.o(i.__kernel_poly) refers (Special) to iusefp.o(.text) for __I$use$fp
    poly.o(i.__kernel_poly) refers to dmul.o(.text) for __aeabi_dmul
    poly.o(i.__kernel_poly) refers to dadd.o(.text) for __aeabi_dadd
    qnan.o(.constdata) refers (Special) to iusefp.o(.text) for __I$use$fp
    sqrt.o(i.__softfp_sqrt) refers (Special) to iusefp.o(.text) for __I$use$fp
    sqrt.o(i.__softfp_sqrt) refers to dsqrt.o(.text) for _dsqrt
    sqrt.o(i.__softfp_sqrt) refers to errno.o(i.__set_errno) for __set_errno
    sqrt.o(i.sqrt) refers (Special) to iusefp.o(.text) for __I$use$fp
    sqrt.o(i.sqrt) refers to dsqrt.o(.text) for _dsqrt
    sqrt.o(i.sqrt) refers to errno.o(i.__set_errno) for __set_errno
    sqrt_x.o(i.____softfp_sqrt$lsc) refers (Special) to iusefp.o(.text) for __I$use$fp
    sqrt_x.o(i.____softfp_sqrt$lsc) refers to cdcmple.o(.text) for __aeabi_cdcmple
    sqrt_x.o(i.____softfp_sqrt$lsc) refers to errno.o(i.__set_errno) for __set_errno
    sqrt_x.o(i.____softfp_sqrt$lsc) refers to dsqrt.o(.text) for _dsqrt
    sqrt_x.o(i.__sqrt$lsc) refers (Special) to iusefp.o(.text) for __I$use$fp
    sqrt_x.o(i.__sqrt$lsc) refers to cdcmple.o(.text) for __aeabi_cdcmple
    sqrt_x.o(i.__sqrt$lsc) refers to errno.o(i.__set_errno) for __set_errno
    sqrt_x.o(i.__sqrt$lsc) refers to dsqrt.o(.text) for _dsqrt
    entry2.o(.ARM.Collect$$$$00000001) refers to entry2.o(.ARM.Collect$$$$00002712) for __lit__00000000
    entry2.o(.ARM.Collect$$$$00002712) refers to startup_stm32f10x_md.o(STACK) for __initial_sp
    entry2.o(__vectab_stack_and_reset_area) refers to startup_stm32f10x_md.o(STACK) for __initial_sp
    entry2.o(__vectab_stack_and_reset_area) refers to entry.o(.ARM.Collect$$$$00000000) for __main
    entry5.o(.ARM.Collect$$$$00000004) refers to init.o(.text) for __scatterload
    entry9a.o(.ARM.Collect$$$$0000000B) refers to main.o(.text) for main
    entry9b.o(.ARM.Collect$$$$0000000C) refers to main.o(.text) for main
    uldiv.o(.text) refers to llushr.o(.text) for __aeabi_llsr
    uldiv.o(.text) refers to llshl.o(.text) for __aeabi_llsl
    errno.o(i.__aeabi_errno_addr) refers to errno.o(.data) for .data
    errno.o(i.__read_errno) refers to errno.o(.data) for .data
    errno.o(i.__set_errno) refers to errno.o(.data) for .data
    depilogue.o(.text) refers to llshl.o(.text) for __aeabi_llsl
    depilogue.o(.text) refers to llushr.o(.text) for __aeabi_llsr
    ddiv.o(.text) refers to depilogue.o(.text) for _double_round
    init.o(.text) refers to entry5.o(.ARM.Collect$$$$00000004) for __main_after_scatterload
    dsqrt.o(.text) refers to llushr.o(.text) for __aeabi_llsr
    dsqrt.o(.text) refers to depilogue.o(.text) for _double_round


==============================================================================

Removing Unused input sections from the image.

    Removing startup_stm32f10x_md.o(HEAP), (512 bytes).
    Removing core_cm3.o(.emb_text), (32 bytes).
    Removing misc.o(.text), (220 bytes).
    Removing stm32f10x_adc.o(.text), (1102 bytes).
    Removing stm32f10x_bkp.o(.text), (196 bytes).
    Removing stm32f10x_can.o(.text), (2544 bytes).
    Removing stm32f10x_cec.o(.text), (288 bytes).
    Removing stm32f10x_crc.o(.text), (72 bytes).
    Removing stm32f10x_dac.o(.text), (396 bytes).
    Removing stm32f10x_dbgmcu.o(.text), (48 bytes).
    Removing stm32f10x_dma.o(.text), (596 bytes).
    Removing stm32f10x_exti.o(.text), (284 bytes).
    Removing stm32f10x_flash.o(.text), (1468 bytes).
    Removing stm32f10x_fsmc.o(.text), (1548 bytes).
    Removing stm32f10x_i2c.o(.text), (1028 bytes).
    Removing stm32f10x_iwdg.o(.text), (64 bytes).
    Removing stm32f10x_pwr.o(.text), (204 bytes).
    Removing stm32f10x_rtc.o(.text), (328 bytes).
    Removing stm32f10x_sdio.o(.text), (468 bytes).
    Removing stm32f10x_spi.o(.text), (780 bytes).
    Removing stm32f10x_wwdg.o(.text), (136 bytes).
    Removing stm32f10x_it.o(.data), (8 bytes).
    Removing bsp_led.o(.text), (96 bytes).
    Removing fonts.o(.constdata), (15200 bytes).
    Removing fonts.o(.data), (24 bytes).
    Removing bsp_ili9341_lcd.o(.text), (2832 bytes).
    Removing bsp_ili9341_lcd.o(.data), (16 bytes).
    Removing usart.o(.bss), (128 bytes).
    Removing usart.o(.data), (4 bytes).
    Removing cdcmple.o(.text), (48 bytes).

30 unused section(s) (total 30670 bytes) removed from the image.

==============================================================================

Image Symbol Table

    Local Symbols

    Symbol Name                              Value     Ov Type        Size  Object(Section)

    ../clib/microlib/division.c              0x00000000   Number         0  uldiv.o ABSOLUTE
    ../clib/microlib/division.c              0x00000000   Number         0  ldiv.o ABSOLUTE
    ../clib/microlib/errno.c                 0x00000000   Number         0  errno.o ABSOLUTE
    ../clib/microlib/init/entry.s            0x00000000   Number         0  entry9b.o ABSOLUTE
    ../clib/microlib/init/entry.s            0x00000000   Number         0  entry11b.o ABSOLUTE
    ../clib/microlib/init/entry.s            0x00000000   Number         0  entry11a.o ABSOLUTE
    ../clib/microlib/init/entry.s            0x00000000   Number         0  entry10b.o ABSOLUTE
    ../clib/microlib/init/entry.s            0x00000000   Number         0  entry10a.o ABSOLUTE
    ../clib/microlib/init/entry.s            0x00000000   Number         0  entry9a.o ABSOLUTE
    ../clib/microlib/init/entry.s            0x00000000   Number         0  entry8b.o ABSOLUTE
    ../clib/microlib/init/entry.s            0x00000000   Number         0  entry8a.o ABSOLUTE
    ../clib/microlib/init/entry.s            0x00000000   Number         0  entry.o ABSOLUTE
    ../clib/microlib/init/entry.s            0x00000000   Number         0  entry2.o ABSOLUTE
    ../clib/microlib/init/entry.s            0x00000000   Number         0  entry5.o ABSOLUTE
    ../clib/microlib/init/entry.s            0x00000000   Number         0  entry7a.o ABSOLUTE
    ../clib/microlib/init/entry.s            0x00000000   Number         0  entry7b.o ABSOLUTE
    ../clib/microlib/longlong.c              0x00000000   Number         0  llushr.o ABSOLUTE
    ../clib/microlib/longlong.c              0x00000000   Number         0  llsshr.o ABSOLUTE
    ../clib/microlib/longlong.c              0x00000000   Number         0  llshl.o ABSOLUTE
    ../clib/microlib/string/memcmp.c         0x00000000   Number         0  memcmp.o ABSOLUTE
    ../clib/microlib/string/memset.c         0x00000000   Number         0  memseta.o ABSOLUTE
    ../clib/microlib/stubs.s                 0x00000000   Number         0  useno.o ABSOLUTE
    ../clib/microlib/stubs.s                 0x00000000   Number         0  iusefp.o ABSOLUTE
    ../fplib/microlib/d2f.c                  0x00000000   Number         0  d2f.o ABSOLUTE
    ../fplib/microlib/f2d.c                  0x00000000   Number         0  f2d.o ABSOLUTE
    ../fplib/microlib/fpadd.c                0x00000000   Number         0  fadd.o ABSOLUTE
    ../fplib/microlib/fpadd.c                0x00000000   Number         0  dadd.o ABSOLUTE
    ../fplib/microlib/fpdiv.c                0x00000000   Number         0  fdiv.o ABSOLUTE
    ../fplib/microlib/fpdiv.c                0x00000000   Number         0  ddiv.o ABSOLUTE
    ../fplib/microlib/fpepilogue.c           0x00000000   Number         0  depilogue.o ABSOLUTE
    ../fplib/microlib/fpepilogue.c           0x00000000   Number         0  fepilogue.o ABSOLUTE
    ../fplib/microlib/fpfix.c                0x00000000   Number         0  ffixui.o ABSOLUTE
    ../fplib/microlib/fpfix.c                0x00000000   Number         0  ffixi.o ABSOLUTE
    ../fplib/microlib/fpflt.c                0x00000000   Number         0  dflti.o ABSOLUTE
    ../fplib/microlib/fpflt.c                0x00000000   Number         0  ffltui.o ABSOLUTE
    ../fplib/microlib/fpflt.c                0x00000000   Number         0  fflti.o ABSOLUTE
    ../fplib/microlib/fpmul.c                0x00000000   Number         0  dmul.o ABSOLUTE
    ../fplib/microlib/fpmul.c                0x00000000   Number         0  fmul.o ABSOLUTE
    ../fplib/microlib/fpscalb.c              0x00000000   Number         0  dscalb.o ABSOLUTE
    ../fplib/microlib/fpsqrt.c               0x00000000   Number         0  dsqrt.o ABSOLUTE
    ../mathlib/asin.c                        0x00000000   Number         0  asin.o ABSOLUTE
    ../mathlib/asin.c                        0x00000000   Number         0  asin_x.o ABSOLUTE
    ../mathlib/atan.c                        0x00000000   Number         0  atan_x.o ABSOLUTE
    ../mathlib/atan.c                        0x00000000   Number         0  atan.o ABSOLUTE
    ../mathlib/atan2.c                       0x00000000   Number         0  atan2_x.o ABSOLUTE
    ../mathlib/atan2.c                       0x00000000   Number         0  atan2.o ABSOLUTE
    ../mathlib/dunder.c                      0x00000000   Number         0  dunder.o ABSOLUTE
    ../mathlib/fpclassify.c                  0x00000000   Number         0  fpclassify.o ABSOLUTE
    ../mathlib/poly.c                        0x00000000   Number         0  poly.o ABSOLUTE
    ../mathlib/qnan.c                        0x00000000   Number         0  qnan.o ABSOLUTE
    ../mathlib/sqrt.c                        0x00000000   Number         0  sqrt_x.o ABSOLUTE
    ../mathlib/sqrt.c                        0x00000000   Number         0  sqrt.o ABSOLUTE
    ..\..\Libraries\CMSIS\core_cm3.c         0x00000000   Number         0  core_cm3.o ABSOLUTE
    ..\..\Libraries\CMSIS\startup\startup_stm32f10x_md.s 0x00000000   Number         0  startup_stm32f10x_md.o ABSOLUTE
    ..\..\Libraries\CMSIS\system_stm32f10x.c 0x00000000   Number         0  system_stm32f10x.o ABSOLUTE
    ..\..\Libraries\FWlib\src\misc.c         0x00000000   Number         0  misc.o ABSOLUTE
    ..\..\Libraries\FWlib\src\stm32f10x_adc.c 0x00000000   Number         0  stm32f10x_adc.o ABSOLUTE
    ..\..\Libraries\FWlib\src\stm32f10x_bkp.c 0x00000000   Number         0  stm32f10x_bkp.o ABSOLUTE
    ..\..\Libraries\FWlib\src\stm32f10x_can.c 0x00000000   Number         0  stm32f10x_can.o ABSOLUTE
    ..\..\Libraries\FWlib\src\stm32f10x_cec.c 0x00000000   Number         0  stm32f10x_cec.o ABSOLUTE
    ..\..\Libraries\FWlib\src\stm32f10x_crc.c 0x00000000   Number         0  stm32f10x_crc.o ABSOLUTE
    ..\..\Libraries\FWlib\src\stm32f10x_dac.c 0x00000000   Number         0  stm32f10x_dac.o ABSOLUTE
    ..\..\Libraries\FWlib\src\stm32f10x_dbgmcu.c 0x00000000   Number         0  stm32f10x_dbgmcu.o ABSOLUTE
    ..\..\Libraries\FWlib\src\stm32f10x_dma.c 0x00000000   Number         0  stm32f10x_dma.o ABSOLUTE
    ..\..\Libraries\FWlib\src\stm32f10x_exti.c 0x00000000   Number         0  stm32f10x_exti.o ABSOLUTE
    ..\..\Libraries\FWlib\src\stm32f10x_flash.c 0x00000000   Number         0  stm32f10x_flash.o ABSOLUTE
    ..\..\Libraries\FWlib\src\stm32f10x_fsmc.c 0x00000000   Number         0  stm32f10x_fsmc.o ABSOLUTE
    ..\..\Libraries\FWlib\src\stm32f10x_gpio.c 0x00000000   Number         0  stm32f10x_gpio.o ABSOLUTE
    ..\..\Libraries\FWlib\src\stm32f10x_i2c.c 0x00000000   Number         0  stm32f10x_i2c.o ABSOLUTE
    ..\..\Libraries\FWlib\src\stm32f10x_iwdg.c 0x00000000   Number         0  stm32f10x_iwdg.o ABSOLUTE
    ..\..\Libraries\FWlib\src\stm32f10x_pwr.c 0x00000000   Number         0  stm32f10x_pwr.o ABSOLUTE
    ..\..\Libraries\FWlib\src\stm32f10x_rcc.c 0x00000000   Number         0  stm32f10x_rcc.o ABSOLUTE
    ..\..\Libraries\FWlib\src\stm32f10x_rtc.c 0x00000000   Number         0  stm32f10x_rtc.o ABSOLUTE
    ..\..\Libraries\FWlib\src\stm32f10x_sdio.c 0x00000000   Number         0  stm32f10x_sdio.o ABSOLUTE
    ..\..\Libraries\FWlib\src\stm32f10x_spi.c 0x00000000   Number         0  stm32f10x_spi.o ABSOLUTE
    ..\..\Libraries\FWlib\src\stm32f10x_tim.c 0x00000000   Number         0  stm32f10x_tim.o ABSOLUTE
    ..\..\Libraries\FWlib\src\stm32f10x_usart.c 0x00000000   Number         0  stm32f10x_usart.o ABSOLUTE
    ..\..\Libraries\FWlib\src\stm32f10x_wwdg.c 0x00000000   Number         0  stm32f10x_wwdg.o ABSOLUTE
    ..\..\User\BalancedCar\BalancedCar.c     0x00000000   Number         0  balancedcar.o ABSOLUTE
    ..\..\User\DMP\inv_mpu.c                 0x00000000   Number         0  inv_mpu.o ABSOLUTE
    ..\..\User\DMP\inv_mpu_dmp_motion_driver.c 0x00000000   Number         0  inv_mpu_dmp_motion_driver.o ABSOLUTE
    ..\..\User\I2C\I2C.c                     0x00000000   Number         0  i2c.o ABSOLUTE
    ..\..\User\Led\bsp_led.c                 0x00000000   Number         0  bsp_led.o ABSOLUTE
    ..\..\User\MPU6050\MPU6050.c             0x00000000   Number         0  mpu6050.o ABSOLUTE
    ..\..\User\Motor\Motor.c                 0x00000000   Number         0  motor.o ABSOLUTE
    ..\..\User\PS2\PS2.c                     0x00000000   Number         0  ps2.o ABSOLUTE
    ..\..\User\SysTick\bsp_SysTick.c         0x00000000   Number         0  bsp_systick.o ABSOLUTE
    ..\..\User\delay\delay.c                 0x00000000   Number         0  delay.o ABSOLUTE
    ..\..\User\encode\encode.c               0x00000000   Number         0  encode.o ABSOLUTE
    ..\..\User\font\fonts.c                  0x00000000   Number         0  fonts.o ABSOLUTE
    ..\..\User\lcd\bsp_ili9341_lcd.c         0x00000000   Number         0  bsp_ili9341_lcd.o ABSOLUTE
    ..\..\User\main.c                        0x00000000   Number         0  main.o ABSOLUTE
    ..\..\User\stm32f10x_it.c                0x00000000   Number         0  stm32f10x_it.o ABSOLUTE
    ..\..\User\usart\usart.c                 0x00000000   Number         0  usart.o ABSOLUTE
    ..\\..\\Libraries\\CMSIS\\core_cm3.c     0x00000000   Number         0  core_cm3.o ABSOLUTE
    cdcmple.s                                0x00000000   Number         0  cdcmple.o ABSOLUTE
    cfcmple.s                                0x00000000   Number         0  cfcmple.o ABSOLUTE
    cfrcmple.s                               0x00000000   Number         0  cfrcmple.o ABSOLUTE
    dc.s                                     0x00000000   Number         0  dc.o ABSOLUTE
    handlers.s                               0x00000000   Number         0  handlers.o ABSOLUTE
    init.s                                   0x00000000   Number         0  init.o ABSOLUTE
    RESET                                    0x08000000   Section      236  startup_stm32f10x_md.o(RESET)
    .ARM.Collect$$$$00000000                 0x080000ec   Section        0  entry.o(.ARM.Collect$$$$00000000)
    .ARM.Collect$$$$00000001                 0x080000ec   Section        4  entry2.o(.ARM.Collect$$$$00000001)
    .ARM.Collect$$$$00000004                 0x080000f0   Section        4  entry5.o(.ARM.Collect$$$$00000004)
    .ARM.Collect$$$$00000008                 0x080000f4   Section        0  entry7b.o(.ARM.Collect$$$$00000008)
    .ARM.Collect$$$$0000000A                 0x080000f4   Section        0  entry8b.o(.ARM.Collect$$$$0000000A)
    .ARM.Collect$$$$0000000B                 0x080000f4   Section        8  entry9a.o(.ARM.Collect$$$$0000000B)
    .ARM.Collect$$$$0000000D                 0x080000fc   Section        0  entry10a.o(.ARM.Collect$$$$0000000D)
    .ARM.Collect$$$$0000000F                 0x080000fc   Section        0  entry11a.o(.ARM.Collect$$$$0000000F)
    .ARM.Collect$$$$00002712                 0x080000fc   Section        4  entry2.o(.ARM.Collect$$$$00002712)
    __lit__00000000                          0x080000fc   Data           4  entry2.o(.ARM.Collect$$$$00002712)
    .text                                    0x08000100   Section       36  startup_stm32f10x_md.o(.text)
    .text                                    0x08000124   Section        0  system_stm32f10x.o(.text)
    SetSysClockTo72                          0x08000125   Thumb Code   214  system_stm32f10x.o(.text)
    SetSysClock                              0x080001fb   Thumb Code     8  system_stm32f10x.o(.text)
    .text                                    0x08000304   Section        0  stm32f10x_gpio.o(.text)
    .text                                    0x08000660   Section        0  stm32f10x_rcc.o(.text)
    .text                                    0x08000a04   Section        0  stm32f10x_tim.o(.text)
    TI4_Config                               0x08000eab   Thumb Code   130  stm32f10x_tim.o(.text)
    TI3_Config                               0x08000f3f   Thumb Code   122  stm32f10x_tim.o(.text)
    TI2_Config                               0x08000fd3   Thumb Code   130  stm32f10x_tim.o(.text)
    TI1_Config                               0x08001067   Thumb Code   108  stm32f10x_tim.o(.text)
    .text                                    0x08001820   Section        0  stm32f10x_usart.o(.text)
    .text                                    0x08001c28   Section        0  main.o(.text)
    .text                                    0x08001e6c   Section        0  stm32f10x_it.o(.text)
    .text                                    0x08001eb4   Section        0  bsp_systick.o(.text)
    .text                                    0x08001f2c   Section        0  delay.o(.text)
    .text                                    0x08001f60   Section        0  i2c.o(.text)
    I2C_delay                                0x08001f61   Thumb Code    22  i2c.o(.text)
    I2C_Start                                0x08001f77   Thumb Code    90  i2c.o(.text)
    I2C_Stop                                 0x08001fd1   Thumb Code    56  i2c.o(.text)
    I2C_Ack                                  0x08002009   Thumb Code    58  i2c.o(.text)
    I2C_NoAck                                0x08002043   Thumb Code    56  i2c.o(.text)
    I2C_WaitAck                              0x0800207b   Thumb Code    80  i2c.o(.text)
    I2C_SendByte                             0x080020cb   Thumb Code    90  i2c.o(.text)
    I2C_ReceiveByte                          0x08002125   Thumb Code    84  i2c.o(.text)
    .text                                    0x0800231c   Section        0  mpu6050.o(.text)
    .text                                    0x08002954   Section        0  usart.o(.text)
    itoa                                     0x080029e5   Thumb Code    98  usart.o(.text)
    .text                                    0x08002bc0   Section        0  encode.o(.text)
    .text                                    0x08002d14   Section        0  motor.o(.text)
    TIM2_GPIO_Config                         0x08002d47   Thumb Code    72  motor.o(.text)
    TIM2_Mode_Config                         0x08002d8f   Thumb Code   134  motor.o(.text)
    .text                                    0x08002e58   Section        0  ps2.o(.text)
    .text                                    0x08003220   Section        0  balancedcar.o(.text)
    .text                                    0x080035c8   Section        0  inv_mpu.o(.text)
    set_int_enable                           0x080035c9   Thumb Code   138  inv_mpu.o(.text)
    get_accel_prod_shift                     0x08004819   Thumb Code   168  inv_mpu.o(.text)
    accel_self_test                          0x080048c1   Thumb Code   164  inv_mpu.o(.text)
    gyro_self_test                           0x08004965   Thumb Code   280  inv_mpu.o(.text)
    get_st_biases                            0x08004a7d   Thumb Code  1136  inv_mpu.o(.text)
    .text                                    0x08005460   Section        0  inv_mpu_dmp_motion_driver.o(.text)
    decode_gesture                           0x08005f15   Thumb Code    94  inv_mpu_dmp_motion_driver.o(.text)
    inv_row_2_scale                          0x080061cb   Thumb Code    78  inv_mpu_dmp_motion_driver.o(.text)
    .text                                    0x08006328   Section        0  ldiv.o(.text)
    .text                                    0x0800638a   Section        0  memseta.o(.text)
    .text                                    0x080063ae   Section        0  memcmp.o(.text)
    .text                                    0x080063c8   Section        0  fadd.o(.text)
    .text                                    0x08006478   Section        0  fmul.o(.text)
    .text                                    0x080064dc   Section        0  fdiv.o(.text)
    .text                                    0x08006558   Section        0  dadd.o(.text)
    .text                                    0x080066a6   Section        0  dmul.o(.text)
    .text                                    0x0800678a   Section        0  fflti.o(.text)
    .text                                    0x0800679c   Section        0  ffltui.o(.text)
    .text                                    0x080067a6   Section        0  dflti.o(.text)
    .text                                    0x080067c8   Section        0  ffixi.o(.text)
    .text                                    0x080067fa   Section        0  ffixui.o(.text)
    .text                                    0x08006822   Section        0  f2d.o(.text)
    .text                                    0x08006848   Section        0  d2f.o(.text)
    .text                                    0x08006880   Section       20  cfcmple.o(.text)
    .text                                    0x08006894   Section       20  cfrcmple.o(.text)
    .text                                    0x080068a8   Section        0  uldiv.o(.text)
    .text                                    0x0800690a   Section        0  llshl.o(.text)
    .text                                    0x08006928   Section        0  llsshr.o(.text)
    .text                                    0x0800694c   Section        0  iusefp.o(.text)
    .text                                    0x0800694c   Section        0  fepilogue.o(.text)
    .text                                    0x080069ba   Section        0  depilogue.o(.text)
    .text                                    0x08006a74   Section        0  ddiv.o(.text)
    .text                                    0x08006b52   Section        0  dscalb.o(.text)
    .text                                    0x08006b80   Section       36  init.o(.text)
    .text                                    0x08006ba4   Section        0  llushr.o(.text)
    .text                                    0x08006bc4   Section        0  dsqrt.o(.text)
    i.__ARM_fpclassify                       0x08006c66   Section        0  fpclassify.o(i.__ARM_fpclassify)
    i.__kernel_poly                          0x08006c8e   Section        0  poly.o(i.__kernel_poly)
    i.__mathlib_dbl_infnan                   0x08006d38   Section        0  dunder.o(i.__mathlib_dbl_infnan)
    i.__mathlib_dbl_infnan2                  0x08006d3e   Section        0  dunder.o(i.__mathlib_dbl_infnan2)
    i.__mathlib_dbl_invalid                  0x08006d42   Section        0  dunder.o(i.__mathlib_dbl_invalid)
    i.__mathlib_dbl_underflow                0x08006d50   Section        0  dunder.o(i.__mathlib_dbl_underflow)
    i.__scatterload_copy                     0x08006d60   Section       14  handlers.o(i.__scatterload_copy)
    i.__scatterload_null                     0x08006d6e   Section        2  handlers.o(i.__scatterload_null)
    i.__scatterload_zeroinit                 0x08006d70   Section       14  handlers.o(i.__scatterload_zeroinit)
    i.__set_errno                            0x08006d80   Section        0  errno.o(i.__set_errno)
    i.asin                                   0x08006d8c   Section        0  asin.o(i.asin)
    i.atan                                   0x08006ffc   Section        0  atan.o(i.atan)
    i.atan2                                  0x0800721c   Section        0  atan2.o(i.atan2)
    i.sqrt                                   0x0800739c   Section        0  sqrt.o(i.sqrt)
    .constdata                               0x080073e8   Section       80  inv_mpu.o(.constdata)
    .constdata                               0x08007438   Section     3062  inv_mpu_dmp_motion_driver.o(.constdata)
    dmp_memory                               0x08007438   Data        3062  inv_mpu_dmp_motion_driver.o(.constdata)
    .constdata                               0x08008030   Section       80  asin.o(.constdata)
    pS                                       0x08008030   Data          48  asin.o(.constdata)
    qS                                       0x08008060   Data          32  asin.o(.constdata)
    .constdata                               0x08008080   Section      152  atan.o(.constdata)
    atanhi                                   0x08008080   Data          32  atan.o(.constdata)
    atanlo                                   0x080080a0   Data          32  atan.o(.constdata)
    aTodd                                    0x080080c0   Data          40  atan.o(.constdata)
    aTeven                                   0x080080e8   Data          48  atan.o(.constdata)
    .constdata                               0x08008118   Section        8  qnan.o(.constdata)
    .conststring                             0x08008120   Section       78  inv_mpu.o(.conststring)
    .data                                    0x20000000   Section       20  system_stm32f10x.o(.data)
    .data                                    0x20000014   Section       20  stm32f10x_rcc.o(.data)
    APBAHBPrescTable                         0x20000014   Data          16  stm32f10x_rcc.o(.data)
    ADCPrescTable                            0x20000024   Data           4  stm32f10x_rcc.o(.data)
    .data                                    0x20000028   Section       59  mpu6050.o(.data)
    gyro_orientation                         0x20000028   Data           9  mpu6050.o(.data)
    .data                                    0x20000064   Section       46  ps2.o(.data)
    .data                                    0x20000094   Section       96  balancedcar.o(.data)
    .data                                    0x200000f4   Section       44  inv_mpu.o(.data)
    st                                       0x200000f4   Data          44  inv_mpu.o(.data)
    .data                                    0x20000120   Section        4  errno.o(.data)
    _errno                                   0x20000120   Data           4  errno.o(.data)
    .bss                                     0x20000124   Section       16  mpu6050.o(.bss)
    .bss                                     0x20000134   Section        9  ps2.o(.bss)
    .bss                                     0x20000140   Section       16  inv_mpu_dmp_motion_driver.o(.bss)
    dmp                                      0x20000140   Data          16  inv_mpu_dmp_motion_driver.o(.bss)
    STACK                                    0x20000150   Section     1024  startup_stm32f10x_md.o(STACK)

    Global Symbols

    Symbol Name                              Value     Ov Type        Size  Object(Section)

    BuildAttributes$$THM_ISAv4$P$D$K$B$S$PE$A:L22UL41UL21$X:L11$S22US41US21$IEEE1$IW$USESV6$~STKCKD$USESV7$~SHL$OTIME$ROPI$IEEEX$EBA8$MICROLIB$REQ8$PRES8$EABIv2 0x00000000   Number         0  anon$$obj.o ABSOLUTE
    __ARM_use_no_argv                        0x00000000   Number         0  main.o ABSOLUTE
    __use_no_errno                           0x00000000   Number         0  useno.o ABSOLUTE
    __use_no_exception_handling              0x00000000   Number         0  useno.o ABSOLUTE
    __use_no_fp                              0x00000000   Number         0  useno.o ABSOLUTE
    __use_no_heap                            0x00000000   Number         0  useno.o ABSOLUTE
    __use_no_heap_region                     0x00000000   Number         0  useno.o ABSOLUTE
    __use_no_semihosting                     0x00000000   Number         0  useno.o ABSOLUTE
    __use_no_semihosting_swi                 0x00000000   Number         0  useno.o ABSOLUTE
    __use_no_signal_handling                 0x00000000   Number         0  useno.o ABSOLUTE
    __cpp_initialize__aeabi_                  - Undefined Weak Reference
    __cxa_finalize                            - Undefined Weak Reference
    __decompress                              - Undefined Weak Reference
    _clock_init                               - Undefined Weak Reference
    _microlib_exit                            - Undefined Weak Reference
    __Vectors_Size                           0x000000ec   Number         0  startup_stm32f10x_md.o ABSOLUTE
    __Vectors                                0x08000000   Data           4  startup_stm32f10x_md.o(RESET)
    __Vectors_End                            0x080000ec   Data           0  startup_stm32f10x_md.o(RESET)
    __main                                   0x080000ed   Thumb Code     0  entry.o(.ARM.Collect$$$$00000000)
    _main_stk                                0x080000ed   Thumb Code     0  entry2.o(.ARM.Collect$$$$00000001)
    _main_scatterload                        0x080000f1   Thumb Code     0  entry5.o(.ARM.Collect$$$$00000004)
    __main_after_scatterload                 0x080000f5   Thumb Code     0  entry5.o(.ARM.Collect$$$$00000004)
    _main_clock                              0x080000f5   Thumb Code     0  entry7b.o(.ARM.Collect$$$$00000008)
    _main_cpp_init                           0x080000f5   Thumb Code     0  entry8b.o(.ARM.Collect$$$$0000000A)
    _main_init                               0x080000f5   Thumb Code     0  entry9a.o(.ARM.Collect$$$$0000000B)
    __rt_final_cpp                           0x080000fd   Thumb Code     0  entry10a.o(.ARM.Collect$$$$0000000D)
    __rt_final_exit                          0x080000fd   Thumb Code     0  entry11a.o(.ARM.Collect$$$$0000000F)
    Reset_Handler                            0x08000101   Thumb Code     8  startup_stm32f10x_md.o(.text)
    ADC1_2_IRQHandler                        0x0800011b   Thumb Code     0  startup_stm32f10x_md.o(.text)
    CAN1_RX1_IRQHandler                      0x0800011b   Thumb Code     0  startup_stm32f10x_md.o(.text)
    CAN1_SCE_IRQHandler                      0x0800011b   Thumb Code     0  startup_stm32f10x_md.o(.text)
    DMA1_Channel1_IRQHandler                 0x0800011b   Thumb Code     0  startup_stm32f10x_md.o(.text)
    DMA1_Channel2_IRQHandler                 0x0800011b   Thumb Code     0  startup_stm32f10x_md.o(.text)
    DMA1_Channel3_IRQHandler                 0x0800011b   Thumb Code     0  startup_stm32f10x_md.o(.text)
    DMA1_Channel4_IRQHandler                 0x0800011b   Thumb Code     0  startup_stm32f10x_md.o(.text)
    DMA1_Channel5_IRQHandler                 0x0800011b   Thumb Code     0  startup_stm32f10x_md.o(.text)
    DMA1_Channel6_IRQHandler                 0x0800011b   Thumb Code     0  startup_stm32f10x_md.o(.text)
    DMA1_Channel7_IRQHandler                 0x0800011b   Thumb Code     0  startup_stm32f10x_md.o(.text)
    EXTI0_IRQHandler                         0x0800011b   Thumb Code     0  startup_stm32f10x_md.o(.text)
    EXTI15_10_IRQHandler                     0x0800011b   Thumb Code     0  startup_stm32f10x_md.o(.text)
    EXTI1_IRQHandler                         0x0800011b   Thumb Code     0  startup_stm32f10x_md.o(.text)
    EXTI2_IRQHandler                         0x0800011b   Thumb Code     0  startup_stm32f10x_md.o(.text)
    EXTI3_IRQHandler                         0x0800011b   Thumb Code     0  startup_stm32f10x_md.o(.text)
    EXTI4_IRQHandler                         0x0800011b   Thumb Code     0  startup_stm32f10x_md.o(.text)
    EXTI9_5_IRQHandler                       0x0800011b   Thumb Code     0  startup_stm32f10x_md.o(.text)
    FLASH_IRQHandler                         0x0800011b   Thumb Code     0  startup_stm32f10x_md.o(.text)
    I2C1_ER_IRQHandler                       0x0800011b   Thumb Code     0  startup_stm32f10x_md.o(.text)
    I2C1_EV_IRQHandler                       0x0800011b   Thumb Code     0  startup_stm32f10x_md.o(.text)
    I2C2_ER_IRQHandler                       0x0800011b   Thumb Code     0  startup_stm32f10x_md.o(.text)
    I2C2_EV_IRQHandler                       0x0800011b   Thumb Code     0  startup_stm32f10x_md.o(.text)
    PVD_IRQHandler                           0x0800011b   Thumb Code     0  startup_stm32f10x_md.o(.text)
    RCC_IRQHandler                           0x0800011b   Thumb Code     0  startup_stm32f10x_md.o(.text)
    RTCAlarm_IRQHandler                      0x0800011b   Thumb Code     0  startup_stm32f10x_md.o(.text)
    RTC_IRQHandler                           0x0800011b   Thumb Code     0  startup_stm32f10x_md.o(.text)
    SPI1_IRQHandler                          0x0800011b   Thumb Code     0  startup_stm32f10x_md.o(.text)
    SPI2_IRQHandler                          0x0800011b   Thumb Code     0  startup_stm32f10x_md.o(.text)
    TAMPER_IRQHandler                        0x0800011b   Thumb Code     0  startup_stm32f10x_md.o(.text)
    TIM1_BRK_IRQHandler                      0x0800011b   Thumb Code     0  startup_stm32f10x_md.o(.text)
    TIM1_CC_IRQHandler                       0x0800011b   Thumb Code     0  startup_stm32f10x_md.o(.text)
    TIM1_TRG_COM_IRQHandler                  0x0800011b   Thumb Code     0  startup_stm32f10x_md.o(.text)
    TIM1_UP_IRQHandler                       0x0800011b   Thumb Code     0  startup_stm32f10x_md.o(.text)
    TIM2_IRQHandler                          0x0800011b   Thumb Code     0  startup_stm32f10x_md.o(.text)
    TIM3_IRQHandler                          0x0800011b   Thumb Code     0  startup_stm32f10x_md.o(.text)
    TIM4_IRQHandler                          0x0800011b   Thumb Code     0  startup_stm32f10x_md.o(.text)
    USART1_IRQHandler                        0x0800011b   Thumb Code     0  startup_stm32f10x_md.o(.text)
    USART2_IRQHandler                        0x0800011b   Thumb Code     0  startup_stm32f10x_md.o(.text)
    USART3_IRQHandler                        0x0800011b   Thumb Code     0  startup_stm32f10x_md.o(.text)
    USBWakeUp_IRQHandler                     0x0800011b   Thumb Code     0  startup_stm32f10x_md.o(.text)
    USB_HP_CAN1_TX_IRQHandler                0x0800011b   Thumb Code     0  startup_stm32f10x_md.o(.text)
    USB_LP_CAN1_RX0_IRQHandler               0x0800011b   Thumb Code     0  startup_stm32f10x_md.o(.text)
    WWDG_IRQHandler                          0x0800011b   Thumb Code     0  startup_stm32f10x_md.o(.text)
    SystemInit                               0x08000203   Thumb Code    78  system_stm32f10x.o(.text)
    SystemCoreClockUpdate                    0x08000251   Thumb Code   142  system_stm32f10x.o(.text)
    GPIO_DeInit                              0x08000305   Thumb Code   172  stm32f10x_gpio.o(.text)
    GPIO_AFIODeInit                          0x080003b1   Thumb Code    20  stm32f10x_gpio.o(.text)
    GPIO_Init                                0x080003c5   Thumb Code   278  stm32f10x_gpio.o(.text)
    GPIO_StructInit                          0x080004db   Thumb Code    16  stm32f10x_gpio.o(.text)
    GPIO_ReadInputDataBit                    0x080004eb   Thumb Code    18  stm32f10x_gpio.o(.text)
    GPIO_ReadInputData                       0x080004fd   Thumb Code     8  stm32f10x_gpio.o(.text)
    GPIO_ReadOutputDataBit                   0x08000505   Thumb Code    18  stm32f10x_gpio.o(.text)
    GPIO_ReadOutputData                      0x08000517   Thumb Code     8  stm32f10x_gpio.o(.text)
    GPIO_SetBits                             0x0800051f   Thumb Code     4  stm32f10x_gpio.o(.text)
    GPIO_ResetBits                           0x08000523   Thumb Code     4  stm32f10x_gpio.o(.text)
    GPIO_WriteBit                            0x08000527   Thumb Code    10  stm32f10x_gpio.o(.text)
    GPIO_Write                               0x08000531   Thumb Code     4  stm32f10x_gpio.o(.text)
    GPIO_PinLockConfig                       0x08000535   Thumb Code    18  stm32f10x_gpio.o(.text)
    GPIO_EventOutputConfig                   0x08000547   Thumb Code    26  stm32f10x_gpio.o(.text)
    GPIO_EventOutputCmd                      0x08000561   Thumb Code     6  stm32f10x_gpio.o(.text)
    GPIO_PinRemapConfig                      0x08000567   Thumb Code   138  stm32f10x_gpio.o(.text)
    GPIO_EXTILineConfig                      0x080005f1   Thumb Code    66  stm32f10x_gpio.o(.text)
    GPIO_ETH_MediaInterfaceConfig            0x08000633   Thumb Code     8  stm32f10x_gpio.o(.text)
    RCC_DeInit                               0x08000661   Thumb Code    64  stm32f10x_rcc.o(.text)
    RCC_HSEConfig                            0x080006a1   Thumb Code    70  stm32f10x_rcc.o(.text)
    RCC_GetFlagStatus                        0x080006e7   Thumb Code    56  stm32f10x_rcc.o(.text)
    RCC_WaitForHSEStartUp                    0x0800071f   Thumb Code    56  stm32f10x_rcc.o(.text)
    RCC_AdjustHSICalibrationValue            0x08000757   Thumb Code    20  stm32f10x_rcc.o(.text)
    RCC_HSICmd                               0x0800076b   Thumb Code     6  stm32f10x_rcc.o(.text)
    RCC_PLLConfig                            0x08000771   Thumb Code    24  stm32f10x_rcc.o(.text)
    RCC_PLLCmd                               0x08000789   Thumb Code     6  stm32f10x_rcc.o(.text)
    RCC_SYSCLKConfig                         0x0800078f   Thumb Code    18  stm32f10x_rcc.o(.text)
    RCC_GetSYSCLKSource                      0x080007a1   Thumb Code    10  stm32f10x_rcc.o(.text)
    RCC_HCLKConfig                           0x080007ab   Thumb Code    18  stm32f10x_rcc.o(.text)
    RCC_PCLK1Config                          0x080007bd   Thumb Code    18  stm32f10x_rcc.o(.text)
    RCC_PCLK2Config                          0x080007cf   Thumb Code    20  stm32f10x_rcc.o(.text)
    RCC_ITConfig                             0x080007e3   Thumb Code    26  stm32f10x_rcc.o(.text)
    RCC_USBCLKConfig                         0x080007fd   Thumb Code     8  stm32f10x_rcc.o(.text)
    RCC_ADCCLKConfig                         0x08000805   Thumb Code    18  stm32f10x_rcc.o(.text)
    RCC_LSEConfig                            0x08000817   Thumb Code    50  stm32f10x_rcc.o(.text)
    RCC_LSICmd                               0x08000849   Thumb Code     6  stm32f10x_rcc.o(.text)
    RCC_RTCCLKConfig                         0x0800084f   Thumb Code    12  stm32f10x_rcc.o(.text)
    RCC_RTCCLKCmd                            0x0800085b   Thumb Code     8  stm32f10x_rcc.o(.text)
    RCC_GetClocksFreq                        0x08000863   Thumb Code   192  stm32f10x_rcc.o(.text)
    RCC_AHBPeriphClockCmd                    0x08000923   Thumb Code    26  stm32f10x_rcc.o(.text)
    RCC_APB2PeriphClockCmd                   0x0800093d   Thumb Code    26  stm32f10x_rcc.o(.text)
    RCC_APB1PeriphClockCmd                   0x08000957   Thumb Code    26  stm32f10x_rcc.o(.text)
    RCC_APB2PeriphResetCmd                   0x08000971   Thumb Code    26  stm32f10x_rcc.o(.text)
    RCC_APB1PeriphResetCmd                   0x0800098b   Thumb Code    26  stm32f10x_rcc.o(.text)
    RCC_BackupResetCmd                       0x080009a5   Thumb Code     8  stm32f10x_rcc.o(.text)
    RCC_ClockSecuritySystemCmd               0x080009ad   Thumb Code     6  stm32f10x_rcc.o(.text)
    RCC_MCOConfig                            0x080009b3   Thumb Code     6  stm32f10x_rcc.o(.text)
    RCC_ClearFlag                            0x080009b9   Thumb Code    14  stm32f10x_rcc.o(.text)
    RCC_GetITStatus                          0x080009c7   Thumb Code    20  stm32f10x_rcc.o(.text)
    RCC_ClearITPendingBit                    0x080009db   Thumb Code     6  stm32f10x_rcc.o(.text)
    TIM_DeInit                               0x08000a05   Thumb Code   424  stm32f10x_tim.o(.text)
    TIM_TimeBaseInit                         0x08000bad   Thumb Code   122  stm32f10x_tim.o(.text)
    TIM_OC1Init                              0x08000c27   Thumb Code   132  stm32f10x_tim.o(.text)
    TIM_OC2Init                              0x08000cab   Thumb Code   154  stm32f10x_tim.o(.text)
    TIM_OC3Init                              0x08000d45   Thumb Code   150  stm32f10x_tim.o(.text)
    TIM_OC4Init                              0x08000ddb   Thumb Code   182  stm32f10x_tim.o(.text)
    TIM_SetIC4Prescaler                      0x08000e91   Thumb Code    26  stm32f10x_tim.o(.text)
    TIM_SetIC3Prescaler                      0x08000f2d   Thumb Code    18  stm32f10x_tim.o(.text)
    TIM_SetIC2Prescaler                      0x08000fb9   Thumb Code    26  stm32f10x_tim.o(.text)
    TIM_SetIC1Prescaler                      0x08001055   Thumb Code    18  stm32f10x_tim.o(.text)
    TIM_ICInit                               0x080010d3   Thumb Code   150  stm32f10x_tim.o(.text)
    TIM_PWMIConfig                           0x08001169   Thumb Code   124  stm32f10x_tim.o(.text)
    TIM_BDTRConfig                           0x080011e5   Thumb Code    32  stm32f10x_tim.o(.text)
    TIM_TimeBaseStructInit                   0x08001205   Thumb Code    18  stm32f10x_tim.o(.text)
    TIM_OCStructInit                         0x08001217   Thumb Code    20  stm32f10x_tim.o(.text)
    TIM_ICStructInit                         0x0800122b   Thumb Code    18  stm32f10x_tim.o(.text)
    TIM_BDTRStructInit                       0x0800123d   Thumb Code    40  stm32f10x_tim.o(.text)
    TIM_Cmd                                  0x08001265   Thumb Code    24  stm32f10x_tim.o(.text)
    TIM_CtrlPWMOutputs                       0x0800127d   Thumb Code    30  stm32f10x_tim.o(.text)
    TIM_ITConfig                             0x0800129b   Thumb Code    18  stm32f10x_tim.o(.text)
    TIM_GenerateEvent                        0x080012ad   Thumb Code     4  stm32f10x_tim.o(.text)
    TIM_DMAConfig                            0x080012b1   Thumb Code    10  stm32f10x_tim.o(.text)
    TIM_DMACmd                               0x080012bb   Thumb Code    18  stm32f10x_tim.o(.text)
    TIM_InternalClockConfig                  0x080012cd   Thumb Code    12  stm32f10x_tim.o(.text)
    TIM_SelectInputTrigger                   0x080012d9   Thumb Code    18  stm32f10x_tim.o(.text)
    TIM_ITRxExternalClockConfig              0x080012eb   Thumb Code    24  stm32f10x_tim.o(.text)
    TIM_TIxExternalClockConfig               0x08001303   Thumb Code    62  stm32f10x_tim.o(.text)
    TIM_ETRConfig                            0x08001341   Thumb Code    28  stm32f10x_tim.o(.text)
    TIM_ETRClockMode1Config                  0x0800135d   Thumb Code    54  stm32f10x_tim.o(.text)
    TIM_ETRClockMode2Config                  0x08001393   Thumb Code    32  stm32f10x_tim.o(.text)
    TIM_PrescalerConfig                      0x080013b3   Thumb Code     6  stm32f10x_tim.o(.text)
    TIM_CounterModeConfig                    0x080013b9   Thumb Code    18  stm32f10x_tim.o(.text)
    TIM_EncoderInterfaceConfig               0x080013cb   Thumb Code    66  stm32f10x_tim.o(.text)
    TIM_ForcedOC1Config                      0x0800140d   Thumb Code    18  stm32f10x_tim.o(.text)
    TIM_ForcedOC2Config                      0x0800141f   Thumb Code    26  stm32f10x_tim.o(.text)
    TIM_ForcedOC3Config                      0x08001439   Thumb Code    18  stm32f10x_tim.o(.text)
    TIM_ForcedOC4Config                      0x0800144b   Thumb Code    26  stm32f10x_tim.o(.text)
    TIM_ARRPreloadConfig                     0x08001465   Thumb Code    24  stm32f10x_tim.o(.text)
    TIM_SelectCOM                            0x0800147d   Thumb Code    24  stm32f10x_tim.o(.text)
    TIM_SelectCCDMA                          0x08001495   Thumb Code    24  stm32f10x_tim.o(.text)
    TIM_CCPreloadControl                     0x080014ad   Thumb Code    24  stm32f10x_tim.o(.text)
    TIM_OC1PreloadConfig                     0x080014c5   Thumb Code    18  stm32f10x_tim.o(.text)
    TIM_OC2PreloadConfig                     0x080014d7   Thumb Code    26  stm32f10x_tim.o(.text)
    TIM_OC3PreloadConfig                     0x080014f1   Thumb Code    18  stm32f10x_tim.o(.text)
    TIM_OC4PreloadConfig                     0x08001503   Thumb Code    26  stm32f10x_tim.o(.text)
    TIM_OC1FastConfig                        0x0800151d   Thumb Code    18  stm32f10x_tim.o(.text)
    TIM_OC2FastConfig                        0x0800152f   Thumb Code    26  stm32f10x_tim.o(.text)
    TIM_OC3FastConfig                        0x08001549   Thumb Code    18  stm32f10x_tim.o(.text)
    TIM_OC4FastConfig                        0x0800155b   Thumb Code    26  stm32f10x_tim.o(.text)
    TIM_ClearOC1Ref                          0x08001575   Thumb Code    18  stm32f10x_tim.o(.text)
    TIM_ClearOC2Ref                          0x08001587   Thumb Code    24  stm32f10x_tim.o(.text)
    TIM_ClearOC3Ref                          0x0800159f   Thumb Code    18  stm32f10x_tim.o(.text)
    TIM_ClearOC4Ref                          0x080015b1   Thumb Code    24  stm32f10x_tim.o(.text)
    TIM_OC1PolarityConfig                    0x080015c9   Thumb Code    18  stm32f10x_tim.o(.text)
    TIM_OC1NPolarityConfig                   0x080015db   Thumb Code    18  stm32f10x_tim.o(.text)
    TIM_OC2PolarityConfig                    0x080015ed   Thumb Code    26  stm32f10x_tim.o(.text)
    TIM_OC2NPolarityConfig                   0x08001607   Thumb Code    26  stm32f10x_tim.o(.text)
    TIM_OC3PolarityConfig                    0x08001621   Thumb Code    26  stm32f10x_tim.o(.text)
    TIM_OC3NPolarityConfig                   0x0800163b   Thumb Code    26  stm32f10x_tim.o(.text)
    TIM_OC4PolarityConfig                    0x08001655   Thumb Code    26  stm32f10x_tim.o(.text)
    TIM_CCxCmd                               0x0800166f   Thumb Code    30  stm32f10x_tim.o(.text)
    TIM_CCxNCmd                              0x0800168d   Thumb Code    30  stm32f10x_tim.o(.text)
    TIM_SelectOCxM                           0x080016ab   Thumb Code    82  stm32f10x_tim.o(.text)
    TIM_UpdateDisableConfig                  0x080016fd   Thumb Code    24  stm32f10x_tim.o(.text)
    TIM_UpdateRequestConfig                  0x08001715   Thumb Code    24  stm32f10x_tim.o(.text)
    TIM_SelectHallSensor                     0x0800172d   Thumb Code    24  stm32f10x_tim.o(.text)
    TIM_SelectOnePulseMode                   0x08001745   Thumb Code    18  stm32f10x_tim.o(.text)
    TIM_SelectOutputTrigger                  0x08001757   Thumb Code    18  stm32f10x_tim.o(.text)
    TIM_SelectSlaveMode                      0x08001769   Thumb Code    18  stm32f10x_tim.o(.text)
    TIM_SelectMasterSlaveMode                0x0800177b   Thumb Code    18  stm32f10x_tim.o(.text)
    TIM_SetCounter                           0x0800178d   Thumb Code     4  stm32f10x_tim.o(.text)
    TIM_SetAutoreload                        0x08001791   Thumb Code     4  stm32f10x_tim.o(.text)
    TIM_SetCompare1                          0x08001795   Thumb Code     4  stm32f10x_tim.o(.text)
    TIM_SetCompare2                          0x08001799   Thumb Code     4  stm32f10x_tim.o(.text)
    TIM_SetCompare3                          0x0800179d   Thumb Code     4  stm32f10x_tim.o(.text)
    TIM_SetCompare4                          0x080017a1   Thumb Code     6  stm32f10x_tim.o(.text)
    TIM_SetClockDivision                     0x080017a7   Thumb Code    18  stm32f10x_tim.o(.text)
    TIM_GetCapture1                          0x080017b9   Thumb Code     6  stm32f10x_tim.o(.text)
    TIM_GetCapture2                          0x080017bf   Thumb Code     6  stm32f10x_tim.o(.text)
    TIM_GetCapture3                          0x080017c5   Thumb Code     6  stm32f10x_tim.o(.text)
    TIM_GetCapture4                          0x080017cb   Thumb Code     8  stm32f10x_tim.o(.text)
    TIM_GetCounter                           0x080017d3   Thumb Code     6  stm32f10x_tim.o(.text)
    TIM_GetPrescaler                         0x080017d9   Thumb Code     6  stm32f10x_tim.o(.text)
    TIM_GetFlagStatus                        0x080017df   Thumb Code    18  stm32f10x_tim.o(.text)
    TIM_ClearFlag                            0x080017f1   Thumb Code     6  stm32f10x_tim.o(.text)
    TIM_GetITStatus                          0x080017f7   Thumb Code    34  stm32f10x_tim.o(.text)
    TIM_ClearITPendingBit                    0x08001819   Thumb Code     6  stm32f10x_tim.o(.text)
    USART_DeInit                             0x08001821   Thumb Code   134  stm32f10x_usart.o(.text)
    USART_Init                               0x080018a7   Thumb Code   210  stm32f10x_usart.o(.text)
    USART_StructInit                         0x08001979   Thumb Code    24  stm32f10x_usart.o(.text)
    USART_ClockInit                          0x08001991   Thumb Code    34  stm32f10x_usart.o(.text)
    USART_ClockStructInit                    0x080019b3   Thumb Code    12  stm32f10x_usart.o(.text)
    USART_Cmd                                0x080019bf   Thumb Code    24  stm32f10x_usart.o(.text)
    USART_ITConfig                           0x080019d7   Thumb Code    74  stm32f10x_usart.o(.text)
    USART_DMACmd                             0x08001a21   Thumb Code    18  stm32f10x_usart.o(.text)
    USART_SetAddress                         0x08001a33   Thumb Code    18  stm32f10x_usart.o(.text)
    USART_WakeUpConfig                       0x08001a45   Thumb Code    18  stm32f10x_usart.o(.text)
    USART_ReceiverWakeUpCmd                  0x08001a57   Thumb Code    24  stm32f10x_usart.o(.text)
    USART_LINBreakDetectLengthConfig         0x08001a6f   Thumb Code    18  stm32f10x_usart.o(.text)
    USART_LINCmd                             0x08001a81   Thumb Code    24  stm32f10x_usart.o(.text)
    USART_SendData                           0x08001a99   Thumb Code     8  stm32f10x_usart.o(.text)
    USART_ReceiveData                        0x08001aa1   Thumb Code    10  stm32f10x_usart.o(.text)
    USART_SendBreak                          0x08001aab   Thumb Code    10  stm32f10x_usart.o(.text)
    USART_SetGuardTime                       0x08001ab5   Thumb Code    16  stm32f10x_usart.o(.text)
    USART_SetPrescaler                       0x08001ac5   Thumb Code    16  stm32f10x_usart.o(.text)
    USART_SmartCardCmd                       0x08001ad5   Thumb Code    24  stm32f10x_usart.o(.text)
    USART_SmartCardNACKCmd                   0x08001aed   Thumb Code    24  stm32f10x_usart.o(.text)
    USART_HalfDuplexCmd                      0x08001b05   Thumb Code    24  stm32f10x_usart.o(.text)
    USART_OverSampling8Cmd                   0x08001b1d   Thumb Code    22  stm32f10x_usart.o(.text)
    USART_OneBitMethodCmd                    0x08001b33   Thumb Code    24  stm32f10x_usart.o(.text)
    USART_IrDAConfig                         0x08001b4b   Thumb Code    18  stm32f10x_usart.o(.text)
    USART_IrDACmd                            0x08001b5d   Thumb Code    24  stm32f10x_usart.o(.text)
    USART_GetFlagStatus                      0x08001b75   Thumb Code    26  stm32f10x_usart.o(.text)
    USART_ClearFlag                          0x08001b8f   Thumb Code    18  stm32f10x_usart.o(.text)
    USART_GetITStatus                        0x08001ba1   Thumb Code    84  stm32f10x_usart.o(.text)
    USART_ClearITPendingBit                  0x08001bf5   Thumb Code    52  stm32f10x_usart.o(.text)
    main                                     0x08001c29   Thumb Code   528  main.o(.text)
    NMI_Handler                              0x08001e6d   Thumb Code     2  stm32f10x_it.o(.text)
    HardFault_Handler                        0x08001e6f   Thumb Code     4  stm32f10x_it.o(.text)
    MemManage_Handler                        0x08001e73   Thumb Code     4  stm32f10x_it.o(.text)
    BusFault_Handler                         0x08001e77   Thumb Code     4  stm32f10x_it.o(.text)
    UsageFault_Handler                       0x08001e7b   Thumb Code     4  stm32f10x_it.o(.text)
    SVC_Handler                              0x08001e7f   Thumb Code     2  stm32f10x_it.o(.text)
    DebugMon_Handler                         0x08001e81   Thumb Code     2  stm32f10x_it.o(.text)
    PendSV_Handler                           0x08001e83   Thumb Code     2  stm32f10x_it.o(.text)
    SysTick_Handler                          0x08001e85   Thumb Code    44  stm32f10x_it.o(.text)
    SysTick_Init                             0x08001eb5   Thumb Code   106  bsp_systick.o(.text)
    delay_us                                 0x08001f2d   Thumb Code    26  delay.o(.text)
    delay_ms                                 0x08001f47   Thumb Code    24  delay.o(.text)
    get_ms                                   0x08001f5f   Thumb Code     2  delay.o(.text)
    i2cInit                                  0x08002179   Thumb Code    42  i2c.o(.text)
    i2cWriteBuffer                           0x080021a3   Thumb Code   100  i2c.o(.text)
    i2cwrite                                 0x08002207   Thumb Code    38  i2c.o(.text)
    i2cRead                                  0x0800222d   Thumb Code   120  i2c.o(.text)
    i2cread                                  0x080022a5   Thumb Code    38  i2c.o(.text)
    i2cWrite                                 0x080022cb   Thumb Code    72  i2c.o(.text)
    i2cGetErrorCounter                       0x08002313   Thumb Code     4  i2c.o(.text)
    MPU6050_Init                             0x0800231d   Thumb Code   220  mpu6050.o(.text)
    MPU6050_GetData                          0x080023f9   Thumb Code  1342  mpu6050.o(.text)
    USART1_Config                            0x08002955   Thumb Code   120  usart.o(.text)
    fputc                                    0x080029cd   Thumb Code    24  usart.o(.text)
    USART1_printf                            0x08002a47   Thumb Code   262  usart.o(.text)
    USART1_Send_Byte                         0x08002b4d   Thumb Code    28  usart.o(.text)
    USART3_Send_Byte                         0x08002b69   Thumb Code    28  usart.o(.text)
    UART3_Send_Char                          0x08002b85   Thumb Code    24  usart.o(.text)
    PrintChar                                0x08002b9d   Thumb Code    24  usart.o(.text)
    encoder_Tim3_init                        0x08002bc1   Thumb Code   126  encode.o(.text)
    encoder_Tim4_init                        0x08002c3f   Thumb Code   158  encode.o(.text)
    read_cnt_TIM3                            0x08002cdd   Thumb Code    20  encode.o(.text)
    read_cnt_TIM4                            0x08002cf1   Thumb Code    20  encode.o(.text)
    MOTOR_GPIO_Config                        0x08002d15   Thumb Code    50  motor.o(.text)
    TIM2_PWM_Init                            0x08002e15   Thumb Code    12  motor.o(.text)
    read_cnt_Tim3                            0x08002e21   Thumb Code    20  motor.o(.text)
    read_cnt_Tim4                            0x08002e35   Thumb Code    20  motor.o(.text)
    PS2_Init                                 0x08002e59   Thumb Code    68  ps2.o(.text)
    PS2_Cmd                                  0x08002e9d   Thumb Code   148  ps2.o(.text)
    PS2_ReadData                             0x08002f31   Thumb Code   178  ps2.o(.text)
    PS2_ClearData                            0x08002fe3   Thumb Code    20  ps2.o(.text)
    PS2_DataKey                              0x08002ff7   Thumb Code    70  ps2.o(.text)
    PS2_ShortPoll                            0x0800303d   Thumb Code    62  ps2.o(.text)
    PS2_EnterConfing                         0x0800307b   Thumb Code    86  ps2.o(.text)
    PS2_TurnOnAnalogMode                     0x080030d1   Thumb Code    80  ps2.o(.text)
    PS2_VibrationMode                        0x08003121   Thumb Code    62  ps2.o(.text)
    PS2_ExitConfing                          0x0800315f   Thumb Code    86  ps2.o(.text)
    PS2_SetInit                              0x080031b5   Thumb Code    28  ps2.o(.text)
    PS2_RedLight                             0x080031d1   Thumb Code    50  ps2.o(.text)
    PS2_AnologData                           0x08003203   Thumb Code     8  ps2.o(.text)
    AngleControl                             0x08003221   Thumb Code    66  balancedcar.o(.text)
    MotorOutputAndDirection                  0x08003263   Thumb Code   140  balancedcar.o(.text)
    MotorOutput                              0x080032ef   Thumb Code   176  balancedcar.o(.text)
    GetMotorPulse                            0x0800339f   Thumb Code    80  balancedcar.o(.text)
    SpeedControl                             0x080033ef   Thumb Code   266  balancedcar.o(.text)
    CarStateOut                              0x080034f9   Thumb Code    82  balancedcar.o(.text)
    mpu_reg_dump                             0x08003653   Thumb Code    72  inv_mpu.o(.text)
    mpu_read_reg                             0x0800369b   Thumb Code    66  inv_mpu.o(.text)
    mpu_set_int_latched                      0x080036dd   Thumb Code   102  inv_mpu.o(.text)
    mpu_set_sensors                          0x08003743   Thumb Code   202  inv_mpu.o(.text)
    mpu_set_bypass                           0x0800380d   Thumb Code   328  inv_mpu.o(.text)
    mpu_reset_fifo                           0x08003955   Thumb Code   456  inv_mpu.o(.text)
    mpu_configure_fifo                       0x08003b1d   Thumb Code   106  inv_mpu.o(.text)
    mpu_set_lpf                              0x08003b87   Thumb Code   126  inv_mpu.o(.text)
    mpu_lp_accel_mode                        0x08003c05   Thumb Code   218  inv_mpu.o(.text)
    mpu_set_sample_rate                      0x08003cdf   Thumb Code   152  inv_mpu.o(.text)
    mpu_set_accel_fsr                        0x08003d77   Thumb Code   132  inv_mpu.o(.text)
    mpu_set_gyro_fsr                         0x08003dfb   Thumb Code   132  inv_mpu.o(.text)
    mpu_init                                 0x08003e7f   Thumb Code   414  inv_mpu.o(.text)
    mpu_get_gyro_reg                         0x0800401d   Thumb Code   110  inv_mpu.o(.text)
    mpu_get_accel_reg                        0x0800408b   Thumb Code   110  inv_mpu.o(.text)
    mpu_get_temperature                      0x080040f9   Thumb Code   150  inv_mpu.o(.text)
    mpu_set_accel_bias                       0x0800418f   Thumb Code   468  inv_mpu.o(.text)
    mpu_get_gyro_fsr                         0x08004363   Thumb Code    64  inv_mpu.o(.text)
    mpu_get_accel_fsr                        0x080043a3   Thumb Code    72  inv_mpu.o(.text)
    mpu_get_lpf                              0x080043eb   Thumb Code    74  inv_mpu.o(.text)
    mpu_get_sample_rate                      0x08004435   Thumb Code    26  inv_mpu.o(.text)
    mpu_get_compass_sample_rate              0x0800444f   Thumb Code    10  inv_mpu.o(.text)
    mpu_set_compass_sample_rate              0x08004459   Thumb Code     8  inv_mpu.o(.text)
    mpu_get_gyro_sens                        0x08004461   Thumb Code    58  inv_mpu.o(.text)
    mpu_get_accel_sens                       0x0800449b   Thumb Code    78  inv_mpu.o(.text)
    mpu_get_fifo_config                      0x080044e9   Thumb Code    12  inv_mpu.o(.text)
    mpu_get_power_state                      0x080044f5   Thumb Code    22  inv_mpu.o(.text)
    mpu_get_int_status                       0x0800450b   Thumb Code    64  inv_mpu.o(.text)
    mpu_read_fifo                            0x0800454b   Thumb Code   520  inv_mpu.o(.text)
    mpu_read_fifo_stream                     0x08004753   Thumb Code   186  inv_mpu.o(.text)
    mpu_set_int_level                        0x0800480d   Thumb Code    12  inv_mpu.o(.text)
    mpu_set_dmp_state                        0x08004eed   Thumb Code   138  inv_mpu.o(.text)
    mpu_run_self_test                        0x08004f77   Thumb Code   278  inv_mpu.o(.text)
    mpu_write_mem                            0x0800508d   Thumb Code   122  inv_mpu.o(.text)
    mpu_read_mem                             0x08005107   Thumb Code   122  inv_mpu.o(.text)
    mpu_load_firmware                        0x08005181   Thumb Code   190  inv_mpu.o(.text)
    mpu_get_dmp_state                        0x0800523f   Thumb Code    14  inv_mpu.o(.text)
    mpu_get_compass_reg                      0x0800524d   Thumb Code     8  inv_mpu.o(.text)
    mpu_get_compass_fsr                      0x08005255   Thumb Code     8  inv_mpu.o(.text)
    mpu_lp_motion_interrupt                  0x0800525d   Thumb Code   512  inv_mpu.o(.text)
    dmp_load_motion_driver_firmware          0x08005461   Thumb Code    20  inv_mpu_dmp_motion_driver.o(.text)
    dmp_set_orientation                      0x08005475   Thumb Code   290  inv_mpu_dmp_motion_driver.o(.text)
    dmp_set_gyro_bias                        0x08005597   Thumb Code   294  inv_mpu_dmp_motion_driver.o(.text)
    dmp_set_accel_bias                       0x080056bd   Thumb Code   300  inv_mpu_dmp_motion_driver.o(.text)
    dmp_set_fifo_rate                        0x080057e9   Thumb Code   136  inv_mpu_dmp_motion_driver.o(.text)
    dmp_get_fifo_rate                        0x08005871   Thumb Code    12  inv_mpu_dmp_motion_driver.o(.text)
    dmp_set_tap_thresh                       0x0800587d   Thumb Code   396  inv_mpu_dmp_motion_driver.o(.text)
    dmp_set_tap_axes                         0x08005a09   Thumb Code    70  inv_mpu_dmp_motion_driver.o(.text)
    dmp_set_tap_count                        0x08005a4f   Thumb Code    38  inv_mpu_dmp_motion_driver.o(.text)
    dmp_set_tap_time                         0x08005a75   Thumb Code    38  inv_mpu_dmp_motion_driver.o(.text)
    dmp_set_tap_time_multi                   0x08005a9b   Thumb Code    38  inv_mpu_dmp_motion_driver.o(.text)
    dmp_set_shake_reject_thresh              0x08005ac1   Thumb Code    56  inv_mpu_dmp_motion_driver.o(.text)
    dmp_set_shake_reject_time                0x08005af9   Thumb Code    38  inv_mpu_dmp_motion_driver.o(.text)
    dmp_set_shake_reject_timeout             0x08005b1f   Thumb Code    38  inv_mpu_dmp_motion_driver.o(.text)
    dmp_get_pedometer_step_count             0x08005b45   Thumb Code    66  inv_mpu_dmp_motion_driver.o(.text)
    dmp_set_pedometer_step_count             0x08005b87   Thumb Code    42  inv_mpu_dmp_motion_driver.o(.text)
    dmp_get_pedometer_walk_time              0x08005bb1   Thumb Code    72  inv_mpu_dmp_motion_driver.o(.text)
    dmp_set_pedometer_walk_time              0x08005bf9   Thumb Code    48  inv_mpu_dmp_motion_driver.o(.text)
    dmp_enable_6x_lp_quat                    0x08005c29   Thumb Code    84  inv_mpu_dmp_motion_driver.o(.text)
    dmp_enable_lp_quat                       0x08005c7d   Thumb Code    60  inv_mpu_dmp_motion_driver.o(.text)
    dmp_enable_gyro_cal                      0x08005cb9   Thumb Code    62  inv_mpu_dmp_motion_driver.o(.text)
    dmp_enable_feature                       0x08005cf7   Thumb Code   530  inv_mpu_dmp_motion_driver.o(.text)
    dmp_get_enabled_features                 0x08005f09   Thumb Code    12  inv_mpu_dmp_motion_driver.o(.text)
    dmp_set_interrupt_mode                   0x08005f73   Thumb Code    66  inv_mpu_dmp_motion_driver.o(.text)
    dmp_read_fifo                            0x08005fb5   Thumb Code   514  inv_mpu_dmp_motion_driver.o(.text)
    dmp_register_tap_cb                      0x080061b7   Thumb Code    10  inv_mpu_dmp_motion_driver.o(.text)
    dmp_register_android_orient_cb           0x080061c1   Thumb Code    10  inv_mpu_dmp_motion_driver.o(.text)
    inv_orientation_matrix_to_scalar         0x08006219   Thumb Code    40  inv_mpu_dmp_motion_driver.o(.text)
    run_self_test                            0x08006241   Thumb Code   156  inv_mpu_dmp_motion_driver.o(.text)
    __aeabi_ldivmod                          0x08006329   Thumb Code    98  ldiv.o(.text)
    __aeabi_memset                           0x0800638b   Thumb Code    14  memseta.o(.text)
    __aeabi_memset4                          0x0800638b   Thumb Code     0  memseta.o(.text)
    __aeabi_memset8                          0x0800638b   Thumb Code     0  memseta.o(.text)
    __aeabi_memclr                           0x08006399   Thumb Code     4  memseta.o(.text)
    __aeabi_memclr4                          0x08006399   Thumb Code     0  memseta.o(.text)
    __aeabi_memclr8                          0x08006399   Thumb Code     0  memseta.o(.text)
    _memset$wrapper                          0x0800639d   Thumb Code    18  memseta.o(.text)
    memcmp                                   0x080063af   Thumb Code    26  memcmp.o(.text)
    __aeabi_fadd                             0x080063c9   Thumb Code   164  fadd.o(.text)
    __aeabi_fsub                             0x0800646d   Thumb Code     6  fadd.o(.text)
    __aeabi_frsub                            0x08006473   Thumb Code     6  fadd.o(.text)
    __aeabi_fmul                             0x08006479   Thumb Code   100  fmul.o(.text)
    __aeabi_fdiv                             0x080064dd   Thumb Code   124  fdiv.o(.text)
    __aeabi_dadd                             0x08006559   Thumb Code   322  dadd.o(.text)
    __aeabi_dsub                             0x0800669b   Thumb Code     6  dadd.o(.text)
    __aeabi_drsub                            0x080066a1   Thumb Code     6  dadd.o(.text)
    __aeabi_dmul                             0x080066a7   Thumb Code   228  dmul.o(.text)
    __aeabi_i2f                              0x0800678b   Thumb Code    18  fflti.o(.text)
    __aeabi_ui2f                             0x0800679d   Thumb Code    10  ffltui.o(.text)
    __aeabi_i2d                              0x080067a7   Thumb Code    34  dflti.o(.text)
    __aeabi_f2iz                             0x080067c9   Thumb Code    50  ffixi.o(.text)
    __aeabi_f2uiz                            0x080067fb   Thumb Code    40  ffixui.o(.text)
    __aeabi_f2d                              0x08006823   Thumb Code    38  f2d.o(.text)
    __aeabi_d2f                              0x08006849   Thumb Code    56  d2f.o(.text)
    __aeabi_cfcmpeq                          0x08006881   Thumb Code     0  cfcmple.o(.text)
    __aeabi_cfcmple                          0x08006881   Thumb Code    20  cfcmple.o(.text)
    __aeabi_cfrcmple                         0x08006895   Thumb Code    20  cfrcmple.o(.text)
    __aeabi_uldivmod                         0x080068a9   Thumb Code    98  uldiv.o(.text)
    __aeabi_llsl                             0x0800690b   Thumb Code    30  llshl.o(.text)
    _ll_shift_l                              0x0800690b   Thumb Code     0  llshl.o(.text)
    __aeabi_lasr                             0x08006929   Thumb Code    36  llsshr.o(.text)
    _ll_sshift_r                             0x08006929   Thumb Code     0  llsshr.o(.text)
    __I$use$fp                               0x0800694d   Thumb Code     0  iusefp.o(.text)
    _float_round                             0x0800694d   Thumb Code    18  fepilogue.o(.text)
    _float_epilogue                          0x0800695f   Thumb Code    92  fepilogue.o(.text)
    _double_round                            0x080069bb   Thumb Code    30  depilogue.o(.text)
    _double_epilogue                         0x080069d9   Thumb Code   156  depilogue.o(.text)
    __aeabi_ddiv                             0x08006a75   Thumb Code   222  ddiv.o(.text)
    __ARM_scalbn                             0x08006b53   Thumb Code    46  dscalb.o(.text)
    scalbn                                   0x08006b53   Thumb Code     0  dscalb.o(.text)
    __scatterload                            0x08006b81   Thumb Code    28  init.o(.text)
    __scatterload_rt2                        0x08006b81   Thumb Code     0  init.o(.text)
    __aeabi_llsr                             0x08006ba5   Thumb Code    32  llushr.o(.text)
    _ll_ushift_r                             0x08006ba5   Thumb Code     0  llushr.o(.text)
    _dsqrt                                   0x08006bc5   Thumb Code   162  dsqrt.o(.text)
    __ARM_fpclassify                         0x08006c67   Thumb Code    40  fpclassify.o(i.__ARM_fpclassify)
    __kernel_poly                            0x08006c8f   Thumb Code   170  poly.o(i.__kernel_poly)
    __mathlib_dbl_infnan                     0x08006d39   Thumb Code     6  dunder.o(i.__mathlib_dbl_infnan)
    __mathlib_dbl_infnan2                    0x08006d3f   Thumb Code     4  dunder.o(i.__mathlib_dbl_infnan2)
    __mathlib_dbl_invalid                    0x08006d43   Thumb Code    12  dunder.o(i.__mathlib_dbl_invalid)
    __mathlib_dbl_underflow                  0x08006d51   Thumb Code    10  dunder.o(i.__mathlib_dbl_underflow)
    __scatterload_copy                       0x08006d61   Thumb Code    14  handlers.o(i.__scatterload_copy)
    __scatterload_null                       0x08006d6f   Thumb Code     2  handlers.o(i.__scatterload_null)
    __scatterload_zeroinit                   0x08006d71   Thumb Code    14  handlers.o(i.__scatterload_zeroinit)
    __set_errno                              0x08006d81   Thumb Code     6  errno.o(i.__set_errno)
    asin                                     0x08006d8d   Thumb Code   572  asin.o(i.asin)
    atan                                     0x08006ffd   Thumb Code   474  atan.o(i.atan)
    atan2                                    0x0800721d   Thumb Code   346  atan2.o(i.atan2)
    sqrt                                     0x0800739d   Thumb Code    76  sqrt.o(i.sqrt)
    hw                                       0x080073e8   Data          12  inv_mpu.o(.constdata)
    reg                                      0x080073f4   Data          27  inv_mpu.o(.constdata)
    test                                     0x08007410   Data          40  inv_mpu.o(.constdata)
    __mathlib_zero                           0x08008118   Data           8  qnan.o(.constdata)
    Region$$Table$$Base                      0x08008170   Number         0  anon$$obj.o(Region$$Table)
    Region$$Table$$Limit                     0x08008190   Number         0  anon$$obj.o(Region$$Table)
    SystemCoreClock                          0x20000000   Data           4  system_stm32f10x.o(.data)
    AHBPrescTable                            0x20000004   Data          16  system_stm32f10x.o(.data)
    q0                                       0x20000034   Data           4  mpu6050.o(.data)
    q1                                       0x20000038   Data           4  mpu6050.o(.data)
    q2                                       0x2000003c   Data           4  mpu6050.o(.data)
    q3                                       0x20000040   Data           4  mpu6050.o(.data)
    Pitch                                    0x20000044   Data           4  mpu6050.o(.data)
    Roll                                     0x20000048   Data           4  mpu6050.o(.data)
    Yaw                                      0x2000004c   Data           4  mpu6050.o(.data)
    sensor_timestamp                         0x20000050   Data           4  mpu6050.o(.data)
    gyro                                     0x20000054   Data           6  mpu6050.o(.data)
    accel                                    0x2000005a   Data           6  mpu6050.o(.data)
    sensors                                  0x20000060   Data           2  mpu6050.o(.data)
    more                                     0x20000062   Data           1  mpu6050.o(.data)
    Handkey                                  0x20000064   Data           2  ps2.o(.data)
    Comd                                     0x20000066   Data           2  ps2.o(.data)
    scan                                     0x20000068   Data           9  ps2.o(.data)
    MASK                                     0x20000072   Data          32  ps2.o(.data)
    CarState                                 0x20000094   Data           4  balancedcar.o(.data)
    SpeedLevelFlag_Forward                   0x20000098   Data           4  balancedcar.o(.data)
    SpeedLevelFlag_Turn                      0x2000009c   Data           4  balancedcar.o(.data)
    CAR_SPEED_MAX                            0x200000a0   Data           4  balancedcar.o(.data)
    CAR_SPEED_MIN                            0x200000a4   Data           4  balancedcar.o(.data)
    Angle_P                                  0x200000a8   Data           4  balancedcar.o(.data)
    Angle_D                                  0x200000ac   Data           4  balancedcar.o(.data)
    Speed_P                                  0x200000b0   Data           4  balancedcar.o(.data)
    Speed_I                                  0x200000b4   Data           4  balancedcar.o(.data)
    CarAngle                                 0x200000b8   Data           4  balancedcar.o(.data)
    AngleControlOut                          0x200000bc   Data           4  balancedcar.o(.data)
    CarSpeed                                 0x200000c0   Data           4  balancedcar.o(.data)
    CarSpeed_Old                             0x200000c4   Data           4  balancedcar.o(.data)
    LeftMotorPulse                           0x200000c8   Data           2  balancedcar.o(.data)
    RightMotorPulse                          0x200000ca   Data           2  balancedcar.o(.data)
    LeftMotorPulse_Add                       0x200000cc   Data           4  balancedcar.o(.data)
    RightMotorPulse_Add                      0x200000d0   Data           4  balancedcar.o(.data)
    CarDistance                              0x200000d4   Data           4  balancedcar.o(.data)
    SpeedControlOut                          0x200000d8   Data           4  balancedcar.o(.data)
    SpeedControlCount                        0x200000dc   Data           4  balancedcar.o(.data)
    LeftMotorOut                             0x200000e0   Data           4  balancedcar.o(.data)
    RightMotorOut                            0x200000e4   Data           4  balancedcar.o(.data)
    PS2_Speed                                0x200000e8   Data           4  balancedcar.o(.data)
    PS2_Direction                            0x200000ec   Data           4  balancedcar.o(.data)
    TempPS2_Direction                        0x200000f0   Data           4  balancedcar.o(.data)
    quat                                     0x20000124   Data          16  mpu6050.o(.bss)
    Data                                     0x20000134   Data           9  ps2.o(.bss)
    __initial_sp                             0x20000550   Data           0  startup_stm32f10x_md.o(STACK)



==============================================================================

Memory Map of the image

  Image Entry point : 0x080000ed

  Load Region LR_IROM1 (Base: 0x08000000, Size: 0x000082b4, Max: 0x00010000, ABSOLUTE)

    Execution Region ER_IROM1 (Exec base: 0x08000000, Load base: 0x08000000, Size: 0x00008190, Max: 0x00010000, ABSOLUTE)

    Exec Addr    Load Addr    Size         Type   Attr      Idx    E Section Name        Object

    0x08000000   0x08000000   0x000000ec   Data   RO            3    RESET               startup_stm32f10x_md.o
    0x080000ec   0x080000ec   0x00000000   Code   RO          867  * .ARM.Collect$$$$00000000  mc_w.l(entry.o)
    0x080000ec   0x080000ec   0x00000004   Code   RO          941    .ARM.Collect$$$$00000001  mc_w.l(entry2.o)
    0x080000f0   0x080000f0   0x00000004   Code   RO          944    .ARM.Collect$$$$00000004  mc_w.l(entry5.o)
    0x080000f4   0x080000f4   0x00000000   Code   RO          946    .ARM.Collect$$$$00000008  mc_w.l(entry7b.o)
    0x080000f4   0x080000f4   0x00000000   Code   RO          948    .ARM.Collect$$$$0000000A  mc_w.l(entry8b.o)
    0x080000f4   0x080000f4   0x00000008   Code   RO          949    .ARM.Collect$$$$0000000B  mc_w.l(entry9a.o)
    0x080000fc   0x080000fc   0x00000000   Code   RO          951    .ARM.Collect$$$$0000000D  mc_w.l(entry10a.o)
    0x080000fc   0x080000fc   0x00000000   Code   RO          953    .ARM.Collect$$$$0000000F  mc_w.l(entry11a.o)
    0x080000fc   0x080000fc   0x00000004   Code   RO          942    .ARM.Collect$$$$00002712  mc_w.l(entry2.o)
    0x08000100   0x08000100   0x00000024   Code   RO            4    .text               startup_stm32f10x_md.o
    0x08000124   0x08000124   0x000001e0   Code   RO           24    .text               system_stm32f10x.o
    0x08000304   0x08000304   0x0000035c   Code   RO          269    .text               stm32f10x_gpio.o
    0x08000660   0x08000660   0x000003a4   Code   RO          317    .text               stm32f10x_rcc.o
    0x08000a04   0x08000a04   0x00000e1a   Code   RO          367    .text               stm32f10x_tim.o
    0x0800181e   0x0800181e   0x00000002   PAD
    0x08001820   0x08001820   0x00000408   Code   RO          379    .text               stm32f10x_usart.o
    0x08001c28   0x08001c28   0x00000244   Code   RO          403    .text               main.o
    0x08001e6c   0x08001e6c   0x00000048   Code   RO          542    .text               stm32f10x_it.o
    0x08001eb4   0x08001eb4   0x00000078   Code   RO          572    .text               bsp_systick.o
    0x08001f2c   0x08001f2c   0x00000034   Code   RO          626    .text               delay.o
    0x08001f60   0x08001f60   0x000003bc   Code   RO          641    .text               i2c.o
    0x0800231c   0x0800231c   0x00000638   Code   RO          656    .text               mpu6050.o
    0x08002954   0x08002954   0x0000026c   Code   RO          688    .text               usart.o
    0x08002bc0   0x08002bc0   0x00000154   Code   RO          714    .text               encode.o
    0x08002d14   0x08002d14   0x00000144   Code   RO          729    .text               motor.o
    0x08002e58   0x08002e58   0x000003c8   Code   RO          741    .text               ps2.o
    0x08003220   0x08003220   0x000003a8   Code   RO          763    .text               balancedcar.o
    0x080035c8   0x080035c8   0x00001e98   Code   RO          787    .text               inv_mpu.o
    0x08005460   0x08005460   0x00000ec8   Code   RO          821    .text               inv_mpu_dmp_motion_driver.o
    0x08006328   0x08006328   0x00000062   Code   RO          870    .text               mc_w.l(ldiv.o)
    0x0800638a   0x0800638a   0x00000024   Code   RO          872    .text               mc_w.l(memseta.o)
    0x080063ae   0x080063ae   0x0000001a   Code   RO          874    .text               mc_w.l(memcmp.o)
    0x080063c8   0x080063c8   0x000000b0   Code   RO          876    .text               mf_w.l(fadd.o)
    0x08006478   0x08006478   0x00000064   Code   RO          878    .text               mf_w.l(fmul.o)
    0x080064dc   0x080064dc   0x0000007c   Code   RO          880    .text               mf_w.l(fdiv.o)
    0x08006558   0x08006558   0x0000014e   Code   RO          882    .text               mf_w.l(dadd.o)
    0x080066a6   0x080066a6   0x000000e4   Code   RO          884    .text               mf_w.l(dmul.o)
    0x0800678a   0x0800678a   0x00000012   Code   RO          886    .text               mf_w.l(fflti.o)
    0x0800679c   0x0800679c   0x0000000a   Code   RO          888    .text               mf_w.l(ffltui.o)
    0x080067a6   0x080067a6   0x00000022   Code   RO          890    .text               mf_w.l(dflti.o)
    0x080067c8   0x080067c8   0x00000032   Code   RO          892    .text               mf_w.l(ffixi.o)
    0x080067fa   0x080067fa   0x00000028   Code   RO          894    .text               mf_w.l(ffixui.o)
    0x08006822   0x08006822   0x00000026   Code   RO          896    .text               mf_w.l(f2d.o)
    0x08006848   0x08006848   0x00000038   Code   RO          898    .text               mf_w.l(d2f.o)
    0x08006880   0x08006880   0x00000014   Code   RO          900    .text               mf_w.l(cfcmple.o)
    0x08006894   0x08006894   0x00000014   Code   RO          902    .text               mf_w.l(cfrcmple.o)
    0x080068a8   0x080068a8   0x00000062   Code   RO          955    .text               mc_w.l(uldiv.o)
    0x0800690a   0x0800690a   0x0000001e   Code   RO          957    .text               mc_w.l(llshl.o)
    0x08006928   0x08006928   0x00000024   Code   RO          959    .text               mc_w.l(llsshr.o)
    0x0800694c   0x0800694c   0x00000000   Code   RO          968    .text               mc_w.l(iusefp.o)
    0x0800694c   0x0800694c   0x0000006e   Code   RO          969    .text               mf_w.l(fepilogue.o)
    0x080069ba   0x080069ba   0x000000ba   Code   RO          971    .text               mf_w.l(depilogue.o)
    0x08006a74   0x08006a74   0x000000de   Code   RO          973    .text               mf_w.l(ddiv.o)
    0x08006b52   0x08006b52   0x0000002e   Code   RO          975    .text               mf_w.l(dscalb.o)
    0x08006b80   0x08006b80   0x00000024   Code   RO          977    .text               mc_w.l(init.o)
    0x08006ba4   0x08006ba4   0x00000020   Code   RO          979    .text               mc_w.l(llushr.o)
    0x08006bc4   0x08006bc4   0x000000a2   Code   RO          981    .text               mf_w.l(dsqrt.o)
    0x08006c66   0x08006c66   0x00000028   Code   RO          928    i.__ARM_fpclassify  m_ws.l(fpclassify.o)
    0x08006c8e   0x08006c8e   0x000000aa   Code   RO          930    i.__kernel_poly     m_ws.l(poly.o)
    0x08006d38   0x08006d38   0x00000006   Code   RO          915    i.__mathlib_dbl_infnan  m_ws.l(dunder.o)
    0x08006d3e   0x08006d3e   0x00000004   Code   RO          916    i.__mathlib_dbl_infnan2  m_ws.l(dunder.o)
    0x08006d42   0x08006d42   0x0000000c   Code   RO          917    i.__mathlib_dbl_invalid  m_ws.l(dunder.o)
    0x08006d4e   0x08006d4e   0x00000002   PAD
    0x08006d50   0x08006d50   0x00000010   Code   RO          920    i.__mathlib_dbl_underflow  m_ws.l(dunder.o)
    0x08006d60   0x08006d60   0x0000000e   Code   RO          987    i.__scatterload_copy  mc_w.l(handlers.o)
    0x08006d6e   0x08006d6e   0x00000002   Code   RO          988    i.__scatterload_null  mc_w.l(handlers.o)
    0x08006d70   0x08006d70   0x0000000e   Code   RO          989    i.__scatterload_zeroinit  mc_w.l(handlers.o)
    0x08006d7e   0x08006d7e   0x00000002   PAD
    0x08006d80   0x08006d80   0x0000000c   Code   RO          963    i.__set_errno       mc_w.l(errno.o)
    0x08006d8c   0x08006d8c   0x00000270   Code   RO          850    i.asin              m_ws.l(asin.o)
    0x08006ffc   0x08006ffc   0x00000220   Code   RO          905    i.atan              m_ws.l(atan.o)
    0x0800721c   0x0800721c   0x00000180   Code   RO          860    i.atan2             m_ws.l(atan2.o)
    0x0800739c   0x0800739c   0x0000004c   Code   RO          934    i.sqrt              m_ws.l(sqrt.o)
    0x080073e8   0x080073e8   0x00000050   Data   RO          788    .constdata          inv_mpu.o
    0x08007438   0x08007438   0x00000bf6   Data   RO          823    .constdata          inv_mpu_dmp_motion_driver.o
    0x0800802e   0x0800802e   0x00000002   PAD
    0x08008030   0x08008030   0x00000050   Data   RO          851    .constdata          m_ws.l(asin.o)
    0x08008080   0x08008080   0x00000098   Data   RO          906    .constdata          m_ws.l(atan.o)
    0x08008118   0x08008118   0x00000008   Data   RO          932    .constdata          m_ws.l(qnan.o)
    0x08008120   0x08008120   0x0000004e   Data   RO          789    .conststring        inv_mpu.o
    0x0800816e   0x0800816e   0x00000002   PAD
    0x08008170   0x08008170   0x00000020   Data   RO          985    Region$$Table       anon$$obj.o


    Execution Region RW_IRAM1 (Exec base: 0x20000000, Load base: 0x08008190, Size: 0x00000550, Max: 0x00005000, ABSOLUTE)

    Exec Addr    Load Addr    Size         Type   Attr      Idx    E Section Name        Object

    0x20000000   0x08008190   0x00000014   Data   RW           25    .data               system_stm32f10x.o
    0x20000014   0x080081a4   0x00000014   Data   RW          318    .data               stm32f10x_rcc.o
    0x20000028   0x080081b8   0x0000003b   Data   RW          658    .data               mpu6050.o
    0x20000063   0x080081f3   0x00000001   PAD
    0x20000064   0x080081f4   0x0000002e   Data   RW          743    .data               ps2.o
    0x20000092   0x08008222   0x00000002   PAD
    0x20000094   0x08008224   0x00000060   Data   RW          764    .data               balancedcar.o
    0x200000f4   0x08008284   0x0000002c   Data   RW          790    .data               inv_mpu.o
    0x20000120   0x080082b0   0x00000004   Data   RW          964    .data               mc_w.l(errno.o)
    0x20000124        -       0x00000010   Zero   RW          657    .bss                mpu6050.o
    0x20000134        -       0x00000009   Zero   RW          742    .bss                ps2.o
    0x2000013d   0x080082b4   0x00000003   PAD
    0x20000140        -       0x00000010   Zero   RW          822    .bss                inv_mpu_dmp_motion_driver.o
    0x20000150        -       0x00000400   Zero   RW            1    STACK               startup_stm32f10x_md.o


==============================================================================

Image component sizes


      Code (inc. data)   RO Data    RW Data    ZI Data      Debug   Object Name

       936        132          0         96          0       3040   balancedcar.o
       120         14          0          0          0      15866   bsp_systick.o
         0          0          0          0          0       4508   core_cm3.o
        52          0          0          0          0        871   delay.o
       340         16          0          0          0       1394   encode.o
       956          6          0          0          0       4482   i2c.o
      7832        172        158         44          0      21758   inv_mpu.o
      3784        196       3062          0         16      16410   inv_mpu_dmp_motion_driver.o
       580         70          0          0          0     231587   main.o
       324         16          0          0          0       1518   motor.o
      1592        804          0         59         16       2330   mpu6050.o
       968         22          0         46          9       3862   ps2.o
        36          8        236          0       1024        884   startup_stm32f10x_md.o
       860         38          0          0          0       5805   stm32f10x_gpio.o
        72          4          0          0          0       1386   stm32f10x_it.o
       932         36          0         20          0       9012   stm32f10x_rcc.o
      3610         88          0          0          0      22916   stm32f10x_tim.o
      1032         22          0          0          0       8532   stm32f10x_usart.o
       480         38          0         20          0     249139   system_stm32f10x.o
       620         12          0          0          0       4831   usart.o

    ----------------------------------------------------------------------
     25128       1694       3492        288       1068     610131   Object Totals
         0          0         32          0          0          0   (incl. Generated)
         2          0          4          3          3          0   (incl. Padding)

    ----------------------------------------------------------------------

      Code (inc. data)   RO Data    RW Data    ZI Data      Debug   Library Member Name

       624         52         80          0          0        168   asin.o
       544         70        152          0          0        124   atan.o
       384         38          0          0          0        144   atan2.o
        38          6          0          0          0        272   dunder.o
        40          0          0          0          0         68   fpclassify.o
       170          0          0          0          0         96   poly.o
         0          0          8          0          0          0   qnan.o
        76          0          0          0          0         84   sqrt.o
         0          0          0          0          0          0   entry.o
         0          0          0          0          0          0   entry10a.o
         0          0          0          0          0          0   entry11a.o
         8          4          0          0          0          0   entry2.o
         4          0          0          0          0          0   entry5.o
         0          0          0          0          0          0   entry7b.o
         0          0          0          0          0          0   entry8b.o
         8          4          0          0          0          0   entry9a.o
        12          6          0          4          0         68   errno.o
        30          0          0          0          0          0   handlers.o
        36          8          0          0          0         68   init.o
         0          0          0          0          0          0   iusefp.o
        98          0          0          0          0         84   ldiv.o
        30          0          0          0          0         68   llshl.o
        36          0          0          0          0         68   llsshr.o
        32          0          0          0          0         68   llushr.o
        26          0          0          0          0         80   memcmp.o
        36          0          0          0          0        108   memseta.o
        98          0          0          0          0         92   uldiv.o
        20          0          0          0          0         68   cfcmple.o
        20          0          0          0          0         68   cfrcmple.o
        56          0          0          0          0         88   d2f.o
       334          0          0          0          0        148   dadd.o
       222          0          0          0          0        100   ddiv.o
       186          0          0          0          0        176   depilogue.o
        34          0          0          0          0         76   dflti.o
       228          0          0          0          0         96   dmul.o
        46          0          0          0          0         80   dscalb.o
       162          0          0          0          0        100   dsqrt.o
        38          0          0          0          0         68   f2d.o
       176          0          0          0          0        140   fadd.o
       124          0          0          0          0         88   fdiv.o
       110          0          0          0          0        168   fepilogue.o
        50          0          0          0          0         68   ffixi.o
        40          0          0          0          0         68   ffixui.o
        18          0          0          0          0         68   fflti.o
        10          0          0          0          0         68   ffltui.o
       100          0          0          0          0         76   fmul.o

    ----------------------------------------------------------------------
      4308        188        240          4          0       3472   Library Totals
         4          0          0          0          0          0   (incl. Padding)

    ----------------------------------------------------------------------

      Code (inc. data)   RO Data    RW Data    ZI Data      Debug   Library Name

      1876        166        240          0          0        956   m_ws.l
       454         22          0          4          0        704   mc_w.l
      1974          0          0          0          0       1812   mf_w.l

    ----------------------------------------------------------------------
      4308        188        240          4          0       3472   Library Totals

    ----------------------------------------------------------------------

==============================================================================


      Code (inc. data)   RO Data    RW Data    ZI Data      Debug   

     29436       1882       3732        292       1068     610271   Grand Totals
     29436       1882       3732        292       1068     610271   ELF Image Totals
     29436       1882       3732        292          0          0   ROM Totals

==============================================================================

    Total RO  Size (Code + RO Data)                33168 (  32.39kB)
    Total RW  Size (RW Data + ZI Data)              1360 (   1.33kB)
    Total ROM Size (Code + RO Data + RW Data)      33460 (  32.68kB)

==============================================================================

